--- Startup times for process: Primary (or UI client) ---

times in msec
 clock   self+sourced   self:  sourced script
 clock   elapsed:              other lines

000.001  000.001: --- NVIM STARTING ---
000.114  000.113: event init
000.178  000.064: early init
000.204  000.025: locale set
000.238  000.035: init first window
000.535  000.297: inits 1
000.545  000.010: window checked
000.548  000.002: parsing arguments
000.934  000.037  000.037: require('vim._core.shared')
000.997  000.004  000.004: require('string.buffer')
001.017  000.037  000.033: require('vim.inspect')
001.058  000.034  000.034: require('vim._core.options')
001.060  000.123  000.052: require('vim._core.editor')
001.086  000.026  000.026: require('vim._core.system')
001.087  000.209  000.023: require('vim._init_packages')
001.089  000.332: init lua interpreter
001.829  000.739: nvim_ui_attach
002.100  000.271: nvim_set_client_info
002.102  000.002: --- NVIM STARTED ---

--- Startup times for process: Embedded ---

times in msec
 clock   self+sourced   self:  sourced script
 clock   elapsed:              other lines

000.001  000.001: --- NVIM STARTING ---
000.091  000.090: event init
000.145  000.055: early init
000.168  000.023: locale set
000.192  000.024: init first window
000.437  000.245: inits 1
000.446  000.008: window checked
000.447  000.002: parsing arguments
000.792  000.033  000.033: require('vim._core.shared')
000.860  000.005  000.005: require('string.buffer')
000.879  000.038  000.033: require('vim.inspect')
000.919  000.033  000.033: require('vim._core.options')
000.921  000.127  000.055: require('vim._core.editor')
000.943  000.021  000.021: require('vim._core.system')
000.944  000.203  000.021: require('vim._init_packages')
000.945  000.296: init lua interpreter
000.993  000.048: expanding arguments
001.008  000.014: inits 2
001.220  000.212: init highlight
001.221  000.001: waiting for UI
001.292  000.071: done waiting for UI
001.300  000.008: clear screen
001.409  000.009  000.009: require('vim.keymap')
001.998  000.104  000.104: sourcing nvim_exec2()
002.021  000.005  000.005: require('vim._core.log')
002.530  001.226  001.109: require('vim._core.defaults')
002.531  000.005: init default mappings & autocommands
002.828  000.033  000.033: sourcing /usr/local/share/nvim/runtime/ftplugin.vim
002.874  000.020  000.020: sourcing /usr/local/share/nvim/runtime/indent.vim
002.973  000.065  000.065: sourcing /usr/share/nvim/archlinux.lua
002.977  000.084  000.019: sourcing /etc/xdg/nvim/sysinit.vim
003.645  000.294  000.294: require('lazy')
003.664  000.009  000.009: require('ffi')
003.695  000.015  000.015: require('vim.fs')
003.768  000.071  000.071: require('vim.uri')
003.781  000.115  000.029: require('vim.loader')
003.945  000.153  000.153: require('lazy.stats')
004.025  000.065  000.065: require('lazy.core.util')
004.109  000.083  000.083: require('lazy.core.config')
004.266  000.048  000.048: require('lazy.core.handler')
004.407  000.040  000.040: require('lazy.pkg')
004.412  000.087  000.047: require('lazy.core.meta')
004.417  000.149  000.062: require('lazy.core.plugin')
004.422  000.311  000.115: require('lazy.core.loader')
004.734  000.061  000.061: require('lazy.core.fragments')
007.713  000.052  000.052: require('lazy.core.handler.event')
007.758  000.041  000.041: require('lazy.core.handler.keys')
007.808  000.048  000.048: require('lazy.core.handler.ft')
007.845  000.034  000.034: require('lazy.core.handler.cmd')
007.953  000.005  000.005: sourcing nvim_exec2() called at /home/trema/.config/nvim/init.lua:0
007.964  000.002  000.002: sourcing nvim_exec2() called at /home/trema/.config/nvim/init.lua:0
008.065  000.002  000.002: sourcing nvim_exec2() called at /home/trema/.config/nvim/init.lua:0
008.079  000.001  000.001: sourcing nvim_exec2() called at /home/trema/.config/nvim/init.lua:0
008.121  000.002  000.002: sourcing nvim_exec2() called at /home/trema/.config/nvim/init.lua:0
008.129  000.001  000.001: sourcing nvim_exec2() called at /home/trema/.config/nvim/init.lua:0
010.176  001.688  001.688: require('vim.filetype')
010.195  001.730  000.042: sourcing /home/trema/.config/nvim/ftdetect/axaml.lua
010.230  001.857  000.128: sourcing nvim_exec2() called at /usr/local/share/nvim/runtime/filetype.lua:0
010.232  001.901  000.044: sourcing /usr/local/share/nvim/runtime/filetype.lua
010.235  001.920  000.019: sourcing nvim_exec2() called at /home/trema/.config/nvim/init.lua:0
010.358  000.003  000.003: sourcing nvim_exec2() called at /home/trema/.config/nvim/init.lua:0
010.366  000.001  000.001: sourcing nvim_exec2() called at /home/trema/.config/nvim/init.lua:0
010.728  000.356  000.356: require('catppuccin')
011.016  000.031  000.031: require('catppuccin.lib.hashing')
012.435  001.018  001.018: sourcing /home/trema/.local/share/nvim/lazy/catppuccin/colors/catppuccin.lua
012.486  000.044  000.044: require('config.highlights')
012.535  000.004  000.004: sourcing nvim_exec2() called at /home/trema/.config/nvim/init.lua:0
012.543  000.001  000.001: sourcing nvim_exec2() called at /home/trema/.config/nvim/init.lua:0
012.636  000.002  000.002: sourcing nvim_exec2() called at /home/trema/.config/nvim/init.lua:0
012.643  000.001  000.001: sourcing nvim_exec2() called at /home/trema/.config/nvim/init.lua:0
013.070  000.050  000.050: require('tokyonight.config')
013.073  000.427  000.377: require('tokyonight')
013.207  000.003  000.003: sourcing nvim_exec2() called at /home/trema/.config/nvim/init.lua:0
013.217  000.001  000.001: sourcing nvim_exec2() called at /home/trema/.config/nvim/init.lua:0
013.606  000.066  000.066: require('toggleterm.lazy')
013.680  000.071  000.071: require('toggleterm.constants')
013.770  000.088  000.088: require('toggleterm.terminal')
013.776  000.477  000.252: require('toggleterm')
013.850  000.034  000.034: require('toggleterm.colors')
013.891  000.039  000.039: require('toggleterm.utils')
013.897  000.119  000.046: require('toggleterm.config')
013.946  000.004  000.004: require('vim.F')
014.002  000.053  000.053: require('vim.version')
015.259  000.077  000.077: require('toggleterm.commandline')
015.318  000.004  000.004: sourcing nvim_exec2() called at /home/trema/.config/nvim/init.lua:0
015.329  000.001  000.001: sourcing nvim_exec2() called at /home/trema/.config/nvim/init.lua:0
015.841  000.040  000.040: require('mason-core.path')
016.243  000.036  000.036: require('mason-core.functional.data')
016.288  000.041  000.041: require('mason-core.functional.function')
016.355  000.063  000.063: require('mason-core.functional.list')
016.412  000.044  000.044: require('mason-core.functional.relation')
016.458  000.043  000.043: require('mason-core.functional.logic')
016.497  000.037  000.037: require('mason-core.functional.number')
016.586  000.053  000.053: require('mason-core.functional.string')
016.637  000.047  000.047: require('mason-core.functional.table')
016.694  000.054  000.054: require('mason-core.functional.type')
016.697  000.617  000.200: require('mason-core.functional')
016.732  000.889  000.272: require('mason-core.platform')
016.839  000.105  000.105: require('mason.settings')
016.871  001.132  000.097: require('mason-core.installer.InstallLocation')
017.307  000.165  000.165: require('mason-core.log')
017.310  000.301  000.137: require('mason-core.EventEmitter')
017.487  000.175  000.175: require('mason-registry.sources')
017.505  000.633  000.157: require('mason-registry')
017.507  002.082  000.318: require('mason')
017.902  000.087  000.087: require('mason-core.result')
017.973  000.035  000.035: require('mason-core.async')
017.999  000.025  000.025: require('mason-core.async.uv')
018.112  000.085  000.085: require('mason-core.process')
018.151  000.037  000.037: require('mason-core.spawn')
018.155  000.155  000.033: require('mason-core.installer.managers.powershell')
018.182  000.025  000.025: require('mason.version')
018.184  000.279  000.039: require('mason-core.fetch')
018.221  000.036  000.036: require('mason-core.fs')
018.247  000.025  000.025: require('mason-core.providers')
018.300  000.028  000.028: require('mason-core.optional')
018.432  000.063  000.063: require('mason-core.purl')
018.465  000.030  000.030: require('mason-core.async.control')
018.469  000.133  000.040: require('mason-core.package.AbstractPackage')
018.620  000.032  000.032: require('mason-core.installer.compiler.expr')
018.625  000.073  000.041: require('mason-core.installer.compiler.link')
018.767  000.024  000.024: require('mason-core.installer.context.InstallContextCwd')
018.794  000.026  000.026: require('mason-core.installer.context.InstallContextFs')
018.818  000.023  000.023: require('mason-core.installer.context.InstallContextSpawn')
018.848  000.028  000.028: require('mason-core.receipt')
018.860  000.151  000.051: require('mason-core.installer.context')
018.862  000.175  000.023: require('mason-core.installer')
018.869  000.217  000.042: require('mason-core.installer.managers.std')
018.871  000.244  000.027: require('mason-core.installer.compiler.schemas')
018.897  000.026  000.026: require('mason-core.installer.compiler.util')
018.902  000.386  000.043: require('mason-core.installer.compiler')
018.963  000.032  000.032: require('mason-core.installer.linker')
018.966  000.496  000.078: require('mason-core.installer.InstallRunner')
018.993  000.026  000.026: require('mason-core.installer.UninstallRunner')
018.997  000.695  000.040: require('mason-core.package')
018.998  000.750  000.027: require('mason-registry.sources.util')
019.003  001.265  000.088: require('mason-registry.sources.github')
019.234  000.054  000.054: require('mason.api.command')
019.421  000.019  000.019: sourcing /home/trema/.local/share/nvim/lazy/plenary.nvim/plugin/plenary.vim
019.424  000.040  000.021: sourcing nvim_exec2() called at /home/trema/.config/nvim/init.lua:0
019.430  000.002  000.002: sourcing nvim_exec2() called at /home/trema/.config/nvim/init.lua:0
019.437  000.001  000.001: sourcing nvim_exec2() called at /home/trema/.config/nvim/init.lua:0
019.744  000.002  000.002: sourcing nvim_exec2() called at /home/trema/.config/nvim/init.lua:0
019.752  000.001  000.001: sourcing nvim_exec2() called at /home/trema/.config/nvim/init.lua:0
019.850  000.002  000.002: sourcing nvim_exec2() called at /home/trema/.config/nvim/init.lua:0
019.856  000.001  000.001: sourcing nvim_exec2() called at /home/trema/.config/nvim/init.lua:0
020.000  000.113  000.113: sourcing /home/trema/.local/share/nvim/lazy/telescope.nvim/plugin/telescope.lua
020.004  000.131  000.018: sourcing nvim_exec2() called at /home/trema/.config/nvim/init.lua:0
020.010  000.002  000.002: sourcing nvim_exec2() called at /home/trema/.config/nvim/init.lua:0
020.017  000.001  000.001: sourcing nvim_exec2() called at /home/trema/.config/nvim/init.lua:0
020.059  000.038  000.038: require('config.telescope')
020.344  000.036  000.036: require('telescope._extensions')
020.348  000.287  000.252: require('telescope')
020.677  000.034  000.034: require('plenary.bit')
020.708  000.029  000.029: require('plenary.functional')
020.732  000.155  000.092: require('plenary.path')
020.743  000.220  000.065: require('plenary.strings')
020.933  000.086  000.086: require('plenary.log')
020.969  000.153  000.067: require('telescope.log')
021.189  000.053  000.053: require('plenary.compat')
021.198  000.148  000.095: require('plenary.job')
021.256  000.056  000.056: require('telescope.state')
021.331  000.070  000.070: require('vim.hl')
021.754  000.092  000.092: require('vim.treesitter.language')
021.809  000.052  000.052: require('vim.func')
021.860  000.049  000.049: require('vim.treesitter._range')
021.906  000.042  000.042: require('vim.func._memoize')
021.969  000.446  000.211: require('vim.treesitter.query')
021.988  000.584  000.137: require('vim.treesitter.languagetree')
021.992  000.650  000.066: require('vim.treesitter')
021.998  001.028  000.104: require('telescope.utils')
022.003  001.259  000.079: require('telescope.sorters')
023.353  002.915  001.436: require('telescope.config')
023.519  000.081  000.081: require('plenary.window.border')
023.652  000.130  000.130: require('plenary.window')
023.715  000.062  000.062: require('plenary.popup.utils')
023.722  000.365  000.092: require('plenary.popup')
023.834  000.111  000.111: require('telescope.pickers.scroller')
023.931  000.095  000.095: require('telescope.actions.state')
024.040  000.108  000.108: require('telescope.actions.utils')
024.410  000.205  000.205: require('telescope.actions.mt')
024.475  000.434  000.229: require('telescope.actions.set')
024.601  000.040  000.040: require('telescope.config.resolve')
024.603  000.126  000.086: require('telescope.pickers.entry_display')
024.637  000.033  000.033: require('telescope.from_entry')
024.804  004.455  000.268: require('telescope.actions')
024.955  000.095  000.095: require('fzf_lib')
024.958  000.140  000.045: require('telescope._extensions.fzf')
025.158  000.093  000.093: require('telescope._extensions.file_browser.utils')
025.542  000.237  000.237: require('vim.lsp.protocol')
025.556  000.272  000.035: require('vim.lsp.log')
025.657  000.099  000.099: require('vim.lsp.util')
025.703  000.016  000.016: require('vim.lsp.sync')
025.706  000.047  000.031: require('vim.lsp._changetracking')
025.748  000.018  000.018: require('vim.lsp._transport')
025.752  000.003  000.003: require('vim._core.stringbuffer')
025.757  000.050  000.028: require('vim.lsp.rpc')
025.799  000.575  000.107: require('vim.lsp')
025.802  000.641  000.066: require('telescope._extensions.file_browser.lsp')
026.290  000.486  000.486: require('plenary.scandir')
026.365  000.011  000.011: require('plenary.tbl')
026.367  000.024  000.013: require('plenary.vararg.rotate')
026.368  000.036  000.013: require('plenary.vararg')
026.378  000.010  000.010: require('plenary.errors')
026.380  000.063  000.017: require('plenary.async.async')
026.442  000.012  000.012: require('plenary.async.structs')
026.445  000.041  000.028: require('plenary.async.control')
026.447  000.056  000.015: require('plenary.async.util')
026.448  000.067  000.011: require('plenary.async.tests')
026.449  000.157  000.026: require('plenary.async')
026.468  001.474  000.096: require('telescope._extensions.file_browser.actions')
026.525  000.017  000.017: require('telescope._extensions.file_browser.git')
026.538  000.012  000.012: require('telescope._extensions.file_browser.make_entry_utils')
026.556  000.017  000.017: require('telescope._extensions.file_browser.fs_stat')
026.557  000.067  000.021: require('telescope._extensions.file_browser.make_entry')
026.603  000.011  000.011: require('plenary.class')
026.608  000.034  000.024: require('telescope._')
026.675  000.066  000.066: require('telescope.make_entry')
026.676  000.119  000.018: require('telescope.finders.async_oneshot_finder')
026.709  000.014  000.014: require('telescope.finders.async_static_finder')
026.726  000.016  000.016: require('telescope.finders.async_job_finder')
026.728  000.051  000.021: require('telescope.finders')
026.730  000.261  000.024: require('telescope._extensions.file_browser.finders')
026.853  000.026  000.026: require('telescope.debounce')
026.901  000.047  000.047: require('telescope.mappings')
026.924  000.023  000.023: require('telescope.pickers.highlights')
026.947  000.022  000.022: require('telescope.pickers.window')
026.967  000.019  000.019: require('telescope.pickers.layout')
027.024  000.028  000.028: require('telescope.algos.linked_list')
027.026  000.059  000.031: require('telescope.entry_manager')
027.053  000.026  000.026: require('telescope.pickers.multi')
027.064  000.319  000.097: require('telescope.pickers')
027.070  000.340  000.021: require('telescope._extensions.file_browser.picker')
027.105  000.034  000.034: require('telescope._extensions.file_browser.config')
027.107  002.143  000.035: require('telescope._extensions.file_browser')
027.187  000.033  000.033: require('telescope.previewers.previewer')
027.278  000.040  000.040: require('telescope.previewers.utils')
027.297  000.108  000.069: require('telescope.previewers.term_previewer')
027.464  000.166  000.166: require('telescope.previewers.buffer_previewer')
027.467  000.345  000.037: require('telescope.previewers')
028.079  000.005  000.005: sourcing nvim_exec2() called at /home/trema/.config/nvim/init.lua:0
028.084  000.001  000.001: sourcing nvim_exec2() called at /home/trema/.config/nvim/init.lua:0
028.266  000.074  000.074: require('telescope.builtin')
028.783  000.516  000.516: require('nuget.notify')
028.887  000.043  000.043: require('nuget.utils')
028.892  000.107  000.065: require('nuget.dotnet')
028.893  000.727  000.030: require('nuget.pickers.projects')
028.977  000.036  000.036: require('nuget.finders.async_finder')
028.986  000.092  000.056: require('nuget.pickers.nuget')
029.015  000.029  000.029: require('nuget.pickers.sln')
029.044  000.028  000.028: require('nuget.pickers.csproj')
029.045  000.903  000.027: require('nuget.pickers')
029.046  000.925  000.022: require('nuget.remove')
029.070  000.024  000.024: require('nuget.install')
029.075  000.989  000.041: require('nuget')
029.180  000.003  000.003: sourcing nvim_exec2() called at /home/trema/.config/nvim/init.lua:0
029.185  000.000  000.000: sourcing nvim_exec2() called at /home/trema/.config/nvim/init.lua:0
029.478  000.022  000.022: require('luasnip.util.types')
029.481  000.053  000.031: require('luasnip.util.ext_opts')
029.578  000.042  000.042: require('luasnip.util.lazy_table')
029.607  000.028  000.028: require('luasnip.extras.filetype_functions')
029.619  000.116  000.047: require('luasnip.default_config')
029.621  000.139  000.022: require('luasnip.session')
029.622  000.288  000.096: require('luasnip.config')
029.636  000.403  000.116: sourcing /home/trema/.local/share/nvim/lazy/LuaSnip/plugin/luasnip.lua
029.638  000.414  000.011: sourcing nvim_exec2() called at /home/trema/.config/nvim/init.lua:0
029.670  000.014  000.014: sourcing /home/trema/.local/share/nvim/lazy/LuaSnip/plugin/luasnip.vim
029.671  000.024  000.009: sourcing nvim_exec2() called at /home/trema/.config/nvim/init.lua:0
029.676  000.001  000.001: sourcing nvim_exec2() called at /home/trema/.config/nvim/init.lua:0
029.680  000.000  000.000: sourcing nvim_exec2() called at /home/trema/.config/nvim/init.lua:0
029.717  000.001  000.001: sourcing nvim_exec2() called at /home/trema/.config/nvim/init.lua:0
029.728  000.008  000.008: sourcing nvim_exec2() called at /home/trema/.config/nvim/init.lua:0
030.130  000.083  000.083: require('neoscroll.config')
030.161  000.029  000.029: require('neoscroll.window')
030.187  000.025  000.025: require('neoscroll.logic')
030.226  000.038  000.038: require('neoscroll.scroll')
030.242  000.504  000.328: require('neoscroll')
030.326  000.004  000.004: sourcing nvim_exec2() called at /home/trema/.config/nvim/init.lua:0
030.328  000.001  000.001: sourcing nvim_exec2() called at /home/trema/.config/nvim/init.lua:0
030.331  000.001  000.001: sourcing nvim_exec2() called at /home/trema/.config/nvim/init.lua:0
030.333  000.001  000.001: sourcing nvim_exec2() called at /home/trema/.config/nvim/init.lua:0
030.335  000.001  000.001: sourcing nvim_exec2() called at /home/trema/.config/nvim/init.lua:0
030.337  000.001  000.001: sourcing nvim_exec2() called at /home/trema/.config/nvim/init.lua:0
030.338  000.001  000.001: sourcing nvim_exec2() called at /home/trema/.config/nvim/init.lua:0
030.395  000.001  000.001: sourcing nvim_exec2() called at /home/trema/.config/nvim/init.lua:0
030.399  000.000  000.000: sourcing nvim_exec2() called at /home/trema/.config/nvim/init.lua:0
030.650  000.022  000.022: require('notify.util.queue')
030.652  000.066  000.044: require('notify.util')
030.759  000.013  000.013: sourcing nvim_exec2() called at /home/trema/.config/nvim/init.lua:0
030.767  000.006  000.006: sourcing nvim_exec2() called at /home/trema/.config/nvim/init.lua:0
030.768  000.115  000.097: require('notify.config.highlights')
030.774  000.229  000.048: require('notify.config')
030.936  000.086  000.086: require('notify.stages')
031.040  000.103  000.103: require('notify.service.notification')
031.307  000.073  000.073: require('notify.animate.spring')
031.309  000.183  000.109: require('notify.animate')
031.314  000.273  000.091: require('notify.windows')
031.524  000.067  000.067: require('notify.service.buffer.highlights')
031.533  000.148  000.081: require('notify.service.buffer')
031.534  000.220  000.072: require('notify.service')
031.590  000.055  000.055: require('notify.stages.util')
031.592  000.818  000.081: require('notify.instance')
031.596  001.171  000.124: require('notify')
031.665  000.054  000.054: require('notify.stages.fade_in_slide_out')
031.700  000.028  000.028: require('telescope._extensions.notify')
031.706  000.004  000.004: sourcing nvim_exec2() called at /home/trema/.config/nvim/init.lua:0
031.710  000.002  000.002: sourcing nvim_exec2() called at /home/trema/.config/nvim/init.lua:0
031.843  000.001  000.001: sourcing nvim_exec2() called at /home/trema/.config/nvim/init.lua:0
031.846  000.000  000.000: sourcing nvim_exec2() called at /home/trema/.config/nvim/init.lua:0
031.980  000.091  000.091: require('blink.cmp')
032.025  000.020  000.020: require('blink.cmp.lib.async')
032.057  000.013  000.013: require('blink.cmp.config.utils')
032.079  000.021  000.021: require('blink.cmp.config.keymap')
032.107  000.013  000.013: require('blink.cmp.config.completion.keyword')
032.123  000.015  000.015: require('blink.cmp.config.completion.trigger')
032.136  000.013  000.013: require('blink.cmp.config.completion.list')
032.152  000.016  000.016: require('blink.cmp.config.completion.accept')
032.181  000.028  000.028: require('blink.cmp.config.completion.menu')
032.199  000.018  000.018: require('blink.cmp.config.completion.documentation')
032.212  000.013  000.013: require('blink.cmp.config.completion.ghost_text')
032.213  000.133  000.019: require('blink.cmp.config.completion')
032.234  000.020  000.020: require('blink.cmp.config.fuzzy')
032.253  000.018  000.018: require('blink.cmp.config.sources')
032.269  000.015  000.015: require('blink.cmp.config.signature')
032.286  000.017  000.017: require('blink.cmp.config.snippets')
032.301  000.014  000.014: require('blink.cmp.config.appearance')
032.314  000.013  000.013: require('blink.cmp.config.modes.cmdline')
032.327  000.012  000.012: require('blink.cmp.config.modes.term')
032.328  000.302  000.024: require('blink.cmp.config')
032.348  000.020  000.020: require('blink.cmp.lib.utils')
032.362  000.013  000.013: require('blink.cmp.lib.event_emitter')
032.365  000.384  000.030: require('blink.cmp.sources.lib')
032.374  000.504  000.029: sourcing /home/trema/.local/share/nvim/lazy/blink.cmp/plugin/blink-cmp.lua
032.376  000.514  000.010: sourcing nvim_exec2() called at /home/trema/.config/nvim/init.lua:0
032.380  000.001  000.001: sourcing nvim_exec2() called at /home/trema/.config/nvim/init.lua:0
032.384  000.001  000.001: sourcing nvim_exec2() called at /home/trema/.config/nvim/init.lua:0
032.429  000.013  000.013: require('blink-cmp')
033.070  000.028  000.028: require('blink.cmp.config.modes.types')
033.231  000.018  000.018: require('blink.cmp.fuzzy.download.system')
033.265  000.072  000.054: require('blink.cmp.fuzzy.download.files')
033.266  000.089  000.017: require('blink.cmp.fuzzy.download.git')
033.267  000.120  000.031: require('blink.cmp.fuzzy.download')
034.838  000.005  000.005: sourcing nvim_exec2() called at /home/trema/.config/nvim/init.lua:0
034.846  000.001  000.001: sourcing nvim_exec2() called at /home/trema/.config/nvim/init.lua:0
035.007  000.025  000.025: require('tokyodark.config')
035.008  000.156  000.130: require('tokyodark')
035.124  000.021  000.021: sourcing /home/trema/.local/share/nvim/lazy/conform.nvim/plugin/conform.lua
035.126  000.033  000.012: sourcing nvim_exec2() called at /home/trema/.config/nvim/init.lua:0
035.129  000.001  000.001: sourcing nvim_exec2() called at /home/trema/.config/nvim/init.lua:0
035.133  000.000  000.000: sourcing nvim_exec2() called at /home/trema/.config/nvim/init.lua:0
035.371  000.207  000.207: require('conform')
035.573  000.100  000.100: require('gitsigns')
035.682  000.098  000.098: require('gitsigns.highlight')
035.719  000.033  000.033: require('gitsigns.debug.log')
035.771  000.052  000.052: require('gitsigns.config')
035.982  000.020  000.020: require('gitsigns.debounce')
035.988  000.533  000.231: sourcing /home/trema/.local/share/nvim/lazy/gitsigns.nvim/plugin/gitsigns.lua
035.990  000.545  000.012: sourcing nvim_exec2() called at /home/trema/.config/nvim/init.lua:0
035.995  000.002  000.002: sourcing nvim_exec2() called at /home/trema/.config/nvim/init.lua:0
035.999  000.000  000.000: sourcing nvim_exec2() called at /home/trema/.config/nvim/init.lua:0
036.128  000.021  000.021: sourcing /home/trema/.local/share/nvim/lazy/nvim-web-devicons/plugin/nvim-web-devicons.vim
036.130  000.031  000.010: sourcing nvim_exec2() called at /home/trema/.config/nvim/init.lua:0
036.132  000.001  000.001: sourcing nvim_exec2() called at /home/trema/.config/nvim/init.lua:0
036.136  000.000  000.000: sourcing nvim_exec2() called at /home/trema/.config/nvim/init.lua:0
036.521  000.117  000.117: require('lazydev')
036.545  000.023  000.023: require('lazydev.config')
036.581  000.017  000.017: require('lazydev.util')
036.643  000.028  000.028: sourcing /home/trema/.local/share/nvim/lazy/nvim-lspconfig/plugin/lspconfig.lua
036.656  000.050  000.022: sourcing nvim_exec2() called at /home/trema/.config/nvim/init.lua:0
036.659  000.001  000.001: sourcing nvim_exec2() called at /home/trema/.config/nvim/init.lua:0
036.663  000.000  000.000: sourcing nvim_exec2() called at /home/trema/.config/nvim/init.lua:0
036.716  000.024  000.024: require('lsp.setup')
036.720  000.001  000.001: sourcing nvim_exec2() called at /home/trema/.config/nvim/init.lua:0
036.723  000.000  000.000: sourcing nvim_exec2() called at /home/trema/.config/nvim/init.lua:0
036.770  000.015  000.015: require('mason-lspconfig.settings')
036.771  000.035  000.020: require('mason-lspconfig')
036.800  000.025  000.025: require('mason-registry.installer')
036.872  000.021  000.021: require('mason-registry.sources.synthesized')
038.882  000.017  000.017: require('mason-lspconfig.mappings')
038.884  000.035  000.018: require('mason-lspconfig.features.automatic_enable')
042.767  000.116  000.116: require('lspconfig.util')
044.967  000.030  000.030: require('mason-lspconfig.notify')
044.983  000.077  000.047: require('mason-lspconfig.api.command')
045.419  000.028  000.028: require('treesitter-context.config')
045.426  000.204  000.176: require('treesitter-context')
045.459  000.261  000.057: sourcing /home/trema/.local/share/nvim/lazy/nvim-treesitter-context/plugin/treesitter-context.lua
045.461  000.273  000.012: sourcing nvim_exec2() called at /home/trema/.config/nvim/init.lua:0
045.466  000.002  000.002: sourcing nvim_exec2() called at /home/trema/.config/nvim/init.lua:0
045.471  000.001  000.001: sourcing nvim_exec2() called at /home/trema/.config/nvim/init.lua:0
045.672  000.097  000.097: require('vim.treesitter.highlighter')
045.699  000.025  000.025: require('treesitter-context.util')
045.705  000.192  000.069: require('treesitter-context.render')
045.860  000.111  000.111: sourcing /home/trema/.local/share/nvim/lazy/nvim-treesitter/plugin/filetypes.lua
045.863  000.122  000.011: sourcing nvim_exec2() called at /home/trema/.config/nvim/init.lua:0
045.912  000.037  000.037: sourcing /home/trema/.local/share/nvim/lazy/nvim-treesitter/plugin/nvim-treesitter.lua
045.913  000.046  000.009: sourcing nvim_exec2() called at /home/trema/.config/nvim/init.lua:0
045.956  000.019  000.019: sourcing /home/trema/.local/share/nvim/lazy/nvim-treesitter/plugin/query_predicates.lua
045.957  000.028  000.009: sourcing nvim_exec2() called at /home/trema/.config/nvim/init.lua:0
045.960  000.001  000.001: sourcing nvim_exec2() called at /home/trema/.config/nvim/init.lua:0
045.965  000.000  000.000: sourcing nvim_exec2() called at /home/trema/.config/nvim/init.lua:0
045.997  000.029  000.029: require('nvim-treesitter')
046.038  000.001  000.001: sourcing nvim_exec2() called at /home/trema/.config/nvim/init.lua:0
046.045  000.000  000.000: sourcing nvim_exec2() called at /home/trema/.config/nvim/init.lua:0
046.342  000.080  000.080: require('plenary.curl')
046.347  000.156  000.076: require('neonuget.nuget')
046.496  000.060  000.060: require('neonuget.ui.utils')
046.552  000.028  000.028: require('neonuget.ui.baseui')
046.553  000.056  000.028: require('neonuget.ui.search')
046.597  000.043  000.043: require('neonuget.ui.installed_package_list')
046.648  000.050  000.050: require('neonuget.ui.version_list')
046.691  000.043  000.043: require('neonuget.ui.details')
046.729  000.037  000.037: require('neonuget.ui.available_package_list')
046.739  000.373  000.083: require('neonuget.ui.init')
046.740  000.392  000.019: require('neonuget.ui')
046.785  000.021  000.021: require('neonuget.syntax')
046.785  000.045  000.024: require('neonuget.ftplugin')
046.788  000.742  000.149: require('neonuget')
047.685  000.657  000.657: require('render-markdown.settings')
047.693  000.789  000.131: require('render-markdown')
047.798  000.103  000.103: require('render-markdown.lib.presets')
047.944  000.102  000.102: require('render-markdown.lib.compat')
048.080  000.066  000.066: require('render-markdown.lib.list')
048.102  000.156  000.090: require('render-markdown.lib.env')
048.413  000.057  000.057: require('render-markdown.lib.interval')
048.453  000.039  000.039: require('render-markdown.lib.str')
048.456  000.162  000.066: require('render-markdown.lib.line')
048.494  000.037  000.037: require('render-markdown.lib.resolved')
048.527  000.032  000.032: require('render-markdown.lib.iter')
048.528  000.346  000.116: require('render-markdown.lib.config')
048.531  000.426  000.080: require('render-markdown.state')
048.574  000.040  000.040: require('render-markdown.core.ts')
048.657  000.015  000.015: require('render-markdown.request.context')
048.674  000.017  000.017: require('render-markdown.core.log')
048.678  000.103  000.071: require('render-markdown.core.ui')
048.703  000.019  000.019: require('render-markdown.core.colors')
048.760  000.014  000.014: require('render-markdown.api')
048.762  000.031  000.016: require('render-markdown.core.command')
048.792  000.018  000.018: require('render-markdown.core.manager')
048.809  001.923  000.135: sourcing /home/trema/.local/share/nvim/lazy/render-markdown.nvim/plugin/render-markdown.lua
048.811  001.936  000.014: sourcing nvim_exec2() called at /home/trema/.config/nvim/init.lua:0
048.822  000.002  000.002: sourcing nvim_exec2() called at /home/trema/.config/nvim/init.lua:0
048.826  000.000  000.000: sourcing nvim_exec2() called at /home/trema/.config/nvim/init.lua:0
048.910  000.016  000.016: sourcing /usr/local/share/nvim/runtime/plugin/editorconfig.lua
048.911  000.025  000.009: sourcing nvim_exec2() called at /home/trema/.config/nvim/init.lua:0
048.998  000.079  000.079: sourcing /usr/local/share/nvim/runtime/plugin/gzip.vim
048.999  000.085  000.006: sourcing nvim_exec2() called at /home/trema/.config/nvim/init.lua:0
049.027  000.018  000.018: sourcing /usr/local/share/nvim/runtime/plugin/man.lua
049.028  000.025  000.006: sourcing nvim_exec2() called at /home/trema/.config/nvim/init.lua:0
050.022  000.102  000.102: sourcing /usr/local/share/nvim/runtime/pack/dist/opt/matchit/plugin/matchit.vim
050.045  001.011  000.909: sourcing /usr/local/share/nvim/runtime/plugin/matchit.vim
050.048  001.018  000.008: sourcing nvim_exec2() called at /home/trema/.config/nvim/init.lua:0
050.136  000.061  000.061: sourcing /usr/local/share/nvim/runtime/plugin/matchparen.vim
050.138  000.069  000.007: sourcing nvim_exec2() called at /home/trema/.config/nvim/init.lua:0
050.201  000.053  000.053: sourcing /usr/local/share/nvim/runtime/plugin/net.lua
050.202  000.061  000.008: sourcing nvim_exec2() called at /home/trema/.config/nvim/init.lua:0
050.445  000.099  000.099: sourcing /usr/local/share/nvim/runtime/pack/dist/opt/netrw/plugin/netrwPlugin.vim
050.452  000.242  000.143: sourcing /usr/local/share/nvim/runtime/plugin/netrwPlugin.vim
050.453  000.248  000.006: sourcing nvim_exec2() called at /home/trema/.config/nvim/init.lua:0
050.508  000.042  000.042: sourcing /usr/local/share/nvim/runtime/plugin/osc52.lua
050.509  000.052  000.009: sourcing nvim_exec2() called at /home/trema/.config/nvim/init.lua:0
050.591  000.062  000.062: sourcing /usr/local/share/nvim/runtime/plugin/rplugin.vim
050.592  000.070  000.007: sourcing nvim_exec2() called at /home/trema/.config/nvim/init.lua:0
050.667  000.061  000.061: sourcing /usr/local/share/nvim/runtime/plugin/shada.lua
050.668  000.070  000.009: sourcing nvim_exec2() called at /home/trema/.config/nvim/init.lua:0
050.713  000.028  000.028: sourcing /usr/local/share/nvim/runtime/plugin/spellfile.lua
050.714  000.039  000.010: sourcing nvim_exec2() called at /home/trema/.config/nvim/init.lua:0
050.765  000.037  000.037: sourcing /usr/local/share/nvim/runtime/plugin/tarPlugin.vim
050.766  000.045  000.008: sourcing nvim_exec2() called at /home/trema/.config/nvim/init.lua:0
050.789  000.007  000.007: sourcing /usr/local/share/nvim/runtime/plugin/tutor.vim
050.790  000.018  000.010: sourcing nvim_exec2() called at /home/trema/.config/nvim/init.lua:0
050.870  000.053  000.053: sourcing /usr/local/share/nvim/runtime/plugin/zipPlugin.vim
050.871  000.061  000.007: sourcing nvim_exec2() called at /home/trema/.config/nvim/init.lua:0
051.030  000.005  000.005: sourcing nvim_exec2() called at /home/trema/.config/nvim/after/plugin/cursor_and_signs.lua:0
051.062  000.061  000.057: sourcing /home/trema/.config/nvim/after/plugin/cursor_and_signs.lua
051.063  000.077  000.016: sourcing nvim_exec2() called at /home/trema/.config/nvim/init.lua:0
051.220  000.059  000.059: require('nvim-treesitter.async')
051.265  000.043  000.043: require('nvim-treesitter.config')
051.302  000.036  000.036: require('nvim-treesitter.log')
051.630  000.327  000.327: require('nvim-treesitter.parsers')
051.646  000.016  000.016: require('nvim-treesitter.util')
051.654  000.571  000.090: require('nvim-treesitter.install')
051.825  000.168  000.168: require('nvim-treesitter.parsers')
051.970  048.917  020.594: require('config.lazy')
052.033  000.042  000.042: require('config.toggleterm')
052.127  000.156  000.113: require('config.mappings')
052.181  000.053  000.053: require('tools')
052.302  000.003  000.003: sourcing nvim_exec2() called at /home/trema/.config/nvim/init.lua:0
052.306  000.000  000.000: sourcing nvim_exec2() called at /home/trema/.config/nvim/init.lua:0
052.757  000.449  000.449: require('mini.icons')
052.901  000.074  000.074: require('mini.pairs')
053.195  000.991  000.465: require('mini.icons')
053.203  001.021  000.030: require('ui.statusline')
053.238  000.004  000.004: sourcing nvim_exec2() called at /home/trema/.config/nvim/init.lua:0
053.241  000.002  000.002: sourcing nvim_exec2() called at /home/trema/.config/nvim/init.lua:0
053.246  000.041  000.036: require('config.tabline')
053.556  000.155  000.155: require('vim.diagnostic')
053.560  050.563  000.220: sourcing /home/trema/.config/nvim/init.lua
053.564  000.332: sourcing vimrc file(s)
053.654  000.015  000.015: sourcing /usr/local/share/nvim/runtime/filetype.lua
053.770  000.032  000.032: sourcing /usr/local/share/nvim/runtime/syntax/synload.vim
053.807  000.120  000.089: sourcing /usr/local/share/nvim/runtime/syntax/syntax.vim
053.814  000.114: inits 3
054.744  000.930: reading ShaDa
055.321  000.484  000.484: require('luasnip.util.vimversion')
055.325  000.516  000.032: require('luasnip.util.util')
055.359  000.033  000.033: require('luasnip.util.path')
055.421  000.014  000.014: require('luasnip.session.snippet_collection.source')
055.435  000.013  000.013: require('luasnip.util.table')
055.449  000.014  000.014: require('luasnip.util.auto_table')
055.452  000.068  000.027: require('luasnip.session.snippet_collection')
055.482  000.030  000.030: require('luasnip.util.log')
055.485  000.125  000.028: require('luasnip.loaders.util')
055.499  000.014  000.014: require('luasnip.loaders.data')
055.545  000.046  000.046: require('luasnip.loaders.fs_watchers')
055.548  000.771  000.037: require('luasnip.loaders')
055.598  000.018  000.018: require('luasnip.util.directed_graph')
055.612  000.013  000.013: require('luasnip.session.enqueueable_operations')
055.614  000.061  000.029: require('luasnip.loaders.from_lua')
055.806  000.021  000.021: require('luasnip.util.str')
055.821  000.014  000.014: require('luasnip.nodes.key_indexer')
055.843  000.021  000.021: require('luasnip.util.feedkeys')
055.874  000.031  000.031: require('luasnip.nodes.util.snippet_string')
055.877  000.125  000.038: require('luasnip.nodes.util')
055.890  000.013  000.013: require('luasnip.util.events')
055.905  000.014  000.014: require('luasnip.nodes.optional_arg')
055.911  000.190  000.038: require('luasnip.nodes.node')
055.964  000.015  000.015: require('luasnip.util.extend_decorator')
055.969  000.058  000.043: require('luasnip.nodes.insertNode')
055.988  000.018  000.018: require('luasnip.nodes.textNode')
056.009  000.020  000.020: require('luasnip.util.mark')
056.071  000.020  000.020: require('luasnip.util.select')
056.107  000.036  000.036: require('luasnip.util.time')
056.312  000.284  000.228: require('luasnip.util._builtin_vars')
056.351  000.342  000.058: require('luasnip.util.environ')
056.374  000.022  000.022: require('luasnip.util.pattern_tokenizer')
056.389  000.014  000.014: require('luasnip.util.dict')
056.528  000.120  000.120: require('luasnip.util.jsregexp')
056.529  000.139  000.019: require('luasnip.nodes.util.trig_engines')
056.558  000.887  000.084: require('luasnip.nodes.snippet')
056.561  000.903  000.016: require('luasnip.nodes.duplicate')
056.562  000.919  000.016: require('luasnip.loaders.snippet_cache')
056.570  000.953  000.033: require('luasnip.loaders.from_snipmate')
056.707  000.024  000.024: require('luasnip.util.parser.neovim_ast')
056.838  000.129  000.129: require('luasnip.util.jsregexp')
056.842  000.183  000.031: require('luasnip.util.parser.ast_utils')
056.892  000.048  000.048: require('luasnip.nodes.functionNode')
056.957  000.064  000.064: require('luasnip.nodes.choiceNode')
057.017  000.058  000.058: require('luasnip.nodes.dynamicNode')
057.043  000.025  000.025: require('luasnip.util.functions')
057.047  000.413  000.036: require('luasnip.util.parser.ast_parser')
057.128  000.080  000.080: require('luasnip.util.parser.neovim_parser')
057.133  000.521  000.028: require('luasnip.util.parser')
057.168  000.034  000.034: require('luasnip.nodes.snippetProxy')
057.229  000.059  000.059: require('luasnip.util.jsonc')
057.234  000.662  000.049: require('luasnip.loaders.from_vscode')
057.304  000.113: opening buffers
057.323  000.019: BufEnter autocommands
057.324  000.001: editing files in windows
057.428  000.105: VimEnter autocommands
057.451  000.023: UIEnter autocommands
057.618  000.119  000.119: sourcing /usr/local/share/nvim/runtime/autoload/provider/clipboard.vim
057.621  000.050: before starting main loop
057.777  000.036  000.036: require('nvim-web-devicons.filetypes')
057.904  000.104  000.104: require('nvim-web-devicons.default.icons_by_filename')
058.128  000.223  000.223: require('nvim-web-devicons.default.icons_by_file_extension')
058.174  000.045  000.045: require('nvim-web-devicons.default.icons_by_operating_system')
058.192  000.018  000.018: require('nvim-web-devicons.default.icons_by_desktop_environment')
058.213  000.020  000.020: require('nvim-web-devicons.default.icons_by_window_manager')
058.214  000.430  000.021: require('nvim-web-devicons.icons-default')
058.351  000.660  000.193: require('nvim-web-devicons')
059.535  000.034  000.034: require('gitsigns.async')
059.614  000.044  000.044: require('gitsigns.util')
059.616  000.080  000.036: require('gitsigns.hunks')
059.665  000.014  000.014: require('gitsigns.diff')
059.686  000.020  000.020: require('gitsigns.signs')
059.701  000.014  000.014: require('gitsigns.status')
059.727  000.025  000.025: require('gitsigns.cache')
059.737  000.120  000.046: require('gitsigns.manager')
059.753  000.015  000.015: require('gitsigns.message')
059.767  000.013  000.013: require('gitsigns.repeat')
059.807  000.368  000.105: require('gitsigns.actions')
059.933  000.015  000.015: require('gitsigns.system')
059.934  000.032  000.017: require('gitsigns.git.cmd')
059.951  000.016  000.016: require('gitsigns.git.errors')
059.979  000.027  000.027: require('gitsigns.git.repo.watcher')
059.995  000.016  000.016: require('gitsigns.git.version')
060.003  000.142  000.052: require('gitsigns.git.repo')
060.006  000.166  000.024: require('gitsigns.git')
060.009  000.201  000.035: require('gitsigns.attach')
060.062  000.031  000.031: require('gitsigns.current_line_blame')
060.174  000.064  000.064: require('editorconfig')
060.743  000.327  000.327: require('vim.filetype.detect')
060.895  000.127  000.127: require('vim.lsp.client')
061.016  001.618: first screen update
061.017  000.001: --- NVIM STARTED ---

--- Startup times for process: Primary (or UI client) ---

times in msec
 clock   self+sourced   self:  sourced script
 clock   elapsed:              other lines

000.001  000.001: --- NVIM STARTING ---
000.068  000.068: event init
000.110  000.042: early init
000.125  000.015: locale set
000.147  000.022: init first window
000.330  000.183: inits 1
000.336  000.006: window checked
000.337  000.001: parsing arguments
000.596  000.025  000.025: require('vim._core.shared')
000.645  000.003  000.003: require('string.buffer')
000.659  000.027  000.024: require('vim.inspect')
000.687  000.024  000.024: require('vim._core.options')
000.688  000.091  000.040: require('vim._core.editor')
000.707  000.018  000.018: require('vim._core.system')
000.707  000.150  000.015: require('vim._init_packages')
000.709  000.222: init lua interpreter
001.660  000.951: nvim_ui_attach
001.821  000.162: nvim_set_client_info
001.822  000.001: --- NVIM STARTED ---

--- Startup times for process: Embedded ---

times in msec
 clock   self+sourced   self:  sourced script
 clock   elapsed:              other lines

000.001  000.001: --- NVIM STARTING ---
000.124  000.123: event init
000.186  000.062: early init
000.211  000.025: locale set
000.238  000.027: init first window
000.527  000.289: inits 1
000.537  000.011: window checked
000.539  000.002: parsing arguments
000.918  000.038  000.038: require('vim._core.shared')
000.978  000.004  000.004: require('string.buffer')
000.999  000.037  000.033: require('vim.inspect')
001.037  000.032  000.032: require('vim._core.options')
001.039  000.118  000.049: require('vim._core.editor')
001.063  000.024  000.024: require('vim._core.system')
001.064  000.200  000.021: require('vim._init_packages')
001.066  000.327: init lua interpreter
001.114  000.048: expanding arguments
001.129  000.015: inits 2
001.338  000.209: init highlight
001.339  000.001: waiting for UI
001.433  000.094: done waiting for UI
001.444  000.011: clear screen
001.556  000.009  000.009: require('vim.keymap')
002.154  000.122  000.122: sourcing nvim_exec2()
002.175  000.005  000.005: require('vim._core.log')
002.606  001.159  001.023: require('vim._core.defaults')
002.608  000.004: init default mappings & autocommands
003.613  000.168  000.168: sourcing /usr/local/share/nvim/runtime/ftplugin.vim
003.678  000.029  000.029: sourcing /usr/local/share/nvim/runtime/indent.vim
004.074  000.248  000.248: sourcing /usr/share/nvim/archlinux.lua
004.078  000.375  000.127: sourcing /etc/xdg/nvim/sysinit.vim
005.443  000.680  000.680: require('lazy')
005.461  000.009  000.009: require('ffi')
005.491  000.015  000.015: require('vim.fs')
005.715  000.222  000.222: require('vim.uri')
005.725  000.262  000.026: require('vim.loader')
006.003  000.229  000.229: require('lazy.stats')
006.297  000.280  000.280: require('lazy.core.util')
006.518  000.219  000.219: require('lazy.core.config')
006.853  000.079  000.079: require('lazy.core.handler')
007.399  000.066  000.066: require('lazy.pkg')
007.403  000.234  000.169: require('lazy.core.meta')
007.409  000.554  000.320: require('lazy.core.plugin')
007.413  000.894  000.261: require('lazy.core.loader')
007.801  000.083  000.083: require('lazy.core.fragments')
012.646  000.173  000.173: require('lazy.core.handler.keys')
012.697  000.046  000.046: require('lazy.core.handler.cmd')
012.825  000.125  000.125: require('lazy.core.handler.event')
012.871  000.043  000.043: require('lazy.core.handler.ft')
013.240  000.007  000.007: sourcing nvim_exec2() called at /home/trema/.config/nvim/init.lua:0
013.395  000.002  000.002: sourcing nvim_exec2() called at /home/trema/.config/nvim/init.lua:0
013.772  000.005  000.005: sourcing nvim_exec2() called at /home/trema/.config/nvim/init.lua:0
013.933  000.001  000.001: sourcing nvim_exec2() called at /home/trema/.config/nvim/init.lua:0
013.957  000.001  000.001: sourcing nvim_exec2() called at /home/trema/.config/nvim/init.lua:0
014.054  000.000  000.000: sourcing nvim_exec2() called at /home/trema/.config/nvim/init.lua:0
015.518  001.086  001.086: require('vim.filetype')
015.521  001.196  000.110: sourcing /home/trema/.config/nvim/ftdetect/axaml.lua
015.783  001.517  000.321: sourcing nvim_exec2() called at /usr/local/share/nvim/runtime/filetype.lua:0
015.784  001.674  000.157: sourcing /usr/local/share/nvim/runtime/filetype.lua
015.786  001.687  000.013: sourcing nvim_exec2() called at /home/trema/.config/nvim/init.lua:0
015.948  000.002  000.002: sourcing nvim_exec2() called at /home/trema/.config/nvim/init.lua:0
015.953  000.000  000.000: sourcing nvim_exec2() called at /home/trema/.config/nvim/init.lua:0
016.443  000.487  000.487: require('catppuccin')
016.795  000.029  000.029: require('catppuccin.lib.hashing')
018.638  001.086  001.086: sourcing /home/trema/.local/share/nvim/lazy/catppuccin/colors/catppuccin.lua
018.789  000.144  000.144: require('config.highlights')
018.974  000.003  000.003: sourcing nvim_exec2() called at /home/trema/.config/nvim/init.lua:0
018.985  000.001  000.001: sourcing nvim_exec2() called at /home/trema/.config/nvim/init.lua:0
019.197  000.029  000.029: require('tokyonight.config')
019.199  000.212  000.183: require('tokyonight')
019.452  000.002  000.002: sourcing nvim_exec2() called at /home/trema/.config/nvim/init.lua:0
019.456  000.001  000.001: sourcing nvim_exec2() called at /home/trema/.config/nvim/init.lua:0
019.649  000.118  000.118: sourcing /home/trema/.local/share/nvim/lazy/nvim-web-devicons/plugin/nvim-web-devicons.vim
019.651  000.128  000.011: sourcing nvim_exec2() called at /home/trema/.config/nvim/init.lua:0
019.654  000.001  000.001: sourcing nvim_exec2() called at /home/trema/.config/nvim/init.lua:0
019.659  000.000  000.000: sourcing nvim_exec2() called at /home/trema/.config/nvim/init.lua:0
019.709  000.000  000.000: sourcing nvim_exec2() called at /home/trema/.config/nvim/init.lua:0
019.712  000.000  000.000: sourcing nvim_exec2() called at /home/trema/.config/nvim/init.lua:0
020.243  000.025  000.025: require('toggleterm.lazy')
020.265  000.021  000.021: require('toggleterm.constants')
020.466  000.200  000.200: require('toggleterm.terminal')
020.469  000.571  000.326: require('toggleterm')
020.548  000.026  000.026: require('toggleterm.colors')
020.594  000.045  000.045: require('toggleterm.utils')
020.598  000.128  000.056: require('toggleterm.config')
020.647  000.003  000.003: require('vim.F')
021.135  000.487  000.487: require('vim.version')
022.065  000.164  000.164: require('toggleterm.commandline')
022.772  000.366  000.366: require('gitsigns')
023.177  000.392  000.392: require('gitsigns.highlight')
023.420  000.230  000.230: require('gitsigns.debug.log')
023.739  000.317  000.317: require('gitsigns.config')
024.078  000.084  000.084: require('gitsigns.debounce')
024.088  001.799  000.410: sourcing /home/trema/.local/share/nvim/lazy/gitsigns.nvim/plugin/gitsigns.lua
024.091  001.812  000.012: sourcing nvim_exec2() called at /home/trema/.config/nvim/init.lua:0
024.097  000.002  000.002: sourcing nvim_exec2() called at /home/trema/.config/nvim/init.lua:0
024.107  000.001  000.001: sourcing nvim_exec2() called at /home/trema/.config/nvim/init.lua:0
025.463  000.135  000.135: require('treesitter-context.config')
025.476  000.445  000.310: require('treesitter-context')
025.529  000.638  000.193: sourcing /home/trema/.local/share/nvim/lazy/nvim-treesitter-context/plugin/treesitter-context.lua
025.532  000.650  000.012: sourcing nvim_exec2() called at /home/trema/.config/nvim/init.lua:0
025.537  000.002  000.002: sourcing nvim_exec2() called at /home/trema/.config/nvim/init.lua:0
025.545  000.001  000.001: sourcing nvim_exec2() called at /home/trema/.config/nvim/init.lua:0
026.591  000.049  000.049: require('vim.treesitter.language')
026.622  000.028  000.028: require('vim.func')
026.649  000.026  000.026: require('vim.treesitter._range')
026.671  000.021  000.021: require('vim.func._memoize')
026.685  000.295  000.171: require('vim.treesitter.query')
026.692  000.446  000.152: require('vim.treesitter.languagetree')
026.695  000.861  000.415: require('vim.treesitter')
026.829  000.133  000.133: require('vim.treesitter.highlighter')
026.857  000.028  000.028: require('treesitter-context.util')
026.860  001.289  000.267: require('treesitter-context.render')
027.035  000.107  000.107: sourcing /home/trema/.local/share/nvim/lazy/nvim-treesitter/plugin/filetypes.lua
027.037  000.119  000.012: sourcing nvim_exec2() called at /home/trema/.config/nvim/init.lua:0
027.078  000.030  000.030: sourcing /home/trema/.local/share/nvim/lazy/nvim-treesitter/plugin/nvim-treesitter.lua
027.079  000.039  000.009: sourcing nvim_exec2() called at /home/trema/.config/nvim/init.lua:0
027.104  000.016  000.016: sourcing /home/trema/.local/share/nvim/lazy/nvim-treesitter/plugin/query_predicates.lua
027.105  000.023  000.007: sourcing nvim_exec2() called at /home/trema/.config/nvim/init.lua:0
027.119  000.001  000.001: sourcing nvim_exec2() called at /home/trema/.config/nvim/init.lua:0
027.125  000.001  000.001: sourcing nvim_exec2() called at /home/trema/.config/nvim/init.lua:0
027.250  000.123  000.123: require('nvim-treesitter')
027.699  000.285  000.285: require('render-markdown.settings')
027.702  000.312  000.027: require('render-markdown')
027.730  000.027  000.027: require('render-markdown.lib.presets')
027.804  000.024  000.024: require('render-markdown.lib.compat')
028.018  000.017  000.017: require('render-markdown.lib.list')
028.020  000.216  000.199: require('render-markdown.lib.env')
028.195  000.023  000.023: require('render-markdown.lib.interval')
028.216  000.020  000.020: require('render-markdown.lib.str')
028.218  000.062  000.019: require('render-markdown.lib.line')
028.235  000.016  000.016: require('render-markdown.lib.resolved')
028.250  000.015  000.015: require('render-markdown.lib.iter')
028.251  000.200  000.107: require('render-markdown.lib.config')
028.252  000.222  000.022: require('render-markdown.state')
028.272  000.019  000.019: require('render-markdown.core.ts')
028.403  000.019  000.019: require('render-markdown.request.context')
028.504  000.100  000.100: require('render-markdown.core.log')
028.507  000.232  000.114: require('render-markdown.core.ui')
028.537  000.026  000.026: require('render-markdown.core.colors')
028.705  000.113  000.113: require('render-markdown.api')
028.706  000.141  000.028: require('render-markdown.core.command')
028.828  000.103  000.103: require('render-markdown.core.manager')
028.867  001.493  000.172: sourcing /home/trema/.local/share/nvim/lazy/render-markdown.nvim/plugin/render-markdown.lua
028.869  001.503  000.010: sourcing nvim_exec2() called at /home/trema/.config/nvim/init.lua:0
028.875  000.002  000.002: sourcing nvim_exec2() called at /home/trema/.config/nvim/init.lua:0
028.888  000.001  000.001: sourcing nvim_exec2() called at /home/trema/.config/nvim/init.lua:0
029.226  000.019  000.019: sourcing /home/trema/.local/share/nvim/lazy/plenary.nvim/plugin/plenary.vim
029.228  000.029  000.010: sourcing nvim_exec2() called at /home/trema/.config/nvim/init.lua:0
029.230  000.001  000.001: sourcing nvim_exec2() called at /home/trema/.config/nvim/init.lua:0
029.234  000.000  000.000: sourcing nvim_exec2() called at /home/trema/.config/nvim/init.lua:0
029.243  000.000  000.000: sourcing nvim_exec2() called at /home/trema/.config/nvim/init.lua:0
029.249  000.000  000.000: sourcing nvim_exec2() called at /home/trema/.config/nvim/init.lua:0
030.227  000.116  000.116: require('plenary.functional')
030.476  000.020  000.020: require('plenary.compat')
030.481  000.252  000.232: require('plenary.job')
030.845  000.125  000.125: require('plenary.bit')
030.862  000.381  000.255: require('plenary.path')
030.865  000.892  000.144: require('plenary.curl')
030.867  001.061  000.169: require('neonuget.nuget')
031.226  000.135  000.135: require('neonuget.ui.utils')
031.407  000.152  000.152: require('neonuget.ui.baseui')
031.408  000.181  000.029: require('neonuget.ui.search')
031.636  000.227  000.227: require('neonuget.ui.installed_package_list')
031.798  000.162  000.162: require('neonuget.ui.version_list')
031.940  000.141  000.141: require('neonuget.ui.details')
032.158  000.217  000.217: require('neonuget.ui.available_package_list')
032.173  001.289  000.225: require('neonuget.ui.init')
032.175  001.307  000.018: require('neonuget.ui')
032.259  000.029  000.029: require('neonuget.syntax')
032.261  000.085  000.056: require('neonuget.ftplugin')
032.264  003.014  000.561: require('neonuget')
032.546  000.003  000.003: sourcing nvim_exec2() called at /home/trema/.config/nvim/init.lua:0
032.552  000.001  000.001: sourcing nvim_exec2() called at /home/trema/.config/nvim/init.lua:0
032.968  000.069  000.069: require('mason-core.path')
033.414  000.032  000.032: require('mason-core.functional.data')
033.458  000.042  000.042: require('mason-core.functional.function')
033.599  000.138  000.138: require('mason-core.functional.list')
033.632  000.026  000.026: require('mason-core.functional.relation')
033.664  000.030  000.030: require('mason-core.functional.logic')
033.691  000.025  000.025: require('mason-core.functional.number')
033.728  000.034  000.034: require('mason-core.functional.string')
033.762  000.033  000.033: require('mason-core.functional.table')
033.790  000.027  000.027: require('mason-core.functional.type')
033.792  000.636  000.249: require('mason-core.functional')
033.822  000.853  000.217: require('mason-core.platform')
033.862  000.039  000.039: require('mason.settings')
033.865  001.000  000.039: require('mason-core.installer.InstallLocation')
034.214  000.141  000.141: require('mason-core.log')
034.216  000.183  000.042: require('mason-core.EventEmitter')
034.439  000.222  000.222: require('mason-registry.sources')
034.444  000.578  000.172: require('mason-registry')
034.446  001.774  000.196: require('mason')
034.751  000.049  000.049: require('mason-core.result')
035.000  000.136  000.136: require('mason-core.async')
035.028  000.027  000.027: require('mason-core.async.uv')
035.218  000.161  000.161: require('mason-core.process')
035.325  000.106  000.106: require('mason-core.spawn')
035.330  000.301  000.035: require('mason-core.installer.managers.powershell')
035.370  000.040  000.040: require('mason.version')
035.374  000.622  000.118: require('mason-core.fetch')
035.691  000.316  000.316: require('mason-core.fs')
035.753  000.062  000.062: require('mason-core.providers')
035.874  000.074  000.074: require('mason-core.optional')
036.516  000.219  000.219: require('mason-core.purl')
036.547  000.029  000.029: require('mason-core.async.control')
036.550  000.462  000.214: require('mason-core.package.AbstractPackage')
037.370  000.053  000.053: require('mason-core.installer.compiler.expr')
037.373  000.359  000.306: require('mason-core.installer.compiler.link')
037.732  000.020  000.020: require('mason-core.installer.context.InstallContextCwd')
037.756  000.023  000.023: require('mason-core.installer.context.InstallContextFs')
037.775  000.018  000.018: require('mason-core.installer.context.InstallContextSpawn')
037.800  000.024  000.024: require('mason-core.receipt')
037.809  000.216  000.131: require('mason-core.installer.context')
037.810  000.237  000.021: require('mason-core.installer')
037.816  000.421  000.183: require('mason-core.installer.managers.std')
037.817  000.443  000.022: require('mason-core.installer.compiler.schemas')
037.838  000.021  000.021: require('mason-core.installer.compiler.util')
037.843  001.125  000.302: require('mason-core.installer.compiler')
037.969  000.126  000.126: require('mason-core.installer.linker')
037.971  001.421  000.170: require('mason-core.installer.InstallRunner')
037.994  000.023  000.023: require('mason-core.installer.UninstallRunner')
037.997  002.123  000.218: require('mason-core.package')
037.998  002.244  000.048: require('mason-registry.sources.util')
038.002  003.443  000.151: require('mason-registry.sources.github')
038.301  000.160  000.160: require('mason.api.command')
038.612  000.003  000.003: sourcing nvim_exec2() called at /home/trema/.config/nvim/init.lua:0
038.618  000.001  000.001: sourcing nvim_exec2() called at /home/trema/.config/nvim/init.lua:0
039.180  000.018  000.018: require('luasnip.util.types')
039.182  000.044  000.026: require('luasnip.util.ext_opts')
039.366  000.015  000.015: require('luasnip.util.lazy_table')
039.387  000.020  000.020: require('luasnip.extras.filetype_functions')
039.390  000.174  000.138: require('luasnip.default_config')
039.391  000.208  000.035: require('luasnip.session')
039.393  000.516  000.263: require('luasnip.config')
039.405  000.759  000.244: sourcing /home/trema/.local/share/nvim/lazy/LuaSnip/plugin/luasnip.lua
039.407  000.770  000.011: sourcing nvim_exec2() called at /home/trema/.config/nvim/init.lua:0
039.442  000.022  000.022: sourcing /home/trema/.local/share/nvim/lazy/LuaSnip/plugin/luasnip.vim
039.443  000.032  000.010: sourcing nvim_exec2() called at /home/trema/.config/nvim/init.lua:0
039.446  000.001  000.001: sourcing nvim_exec2() called at /home/trema/.config/nvim/init.lua:0
039.451  000.000  000.000: sourcing nvim_exec2() called at /home/trema/.config/nvim/init.lua:0
039.667  000.004  000.004: sourcing nvim_exec2() called at /home/trema/.config/nvim/init.lua:0
039.697  000.002  000.002: sourcing nvim_exec2() called at /home/trema/.config/nvim/init.lua:0
040.790  000.476  000.476: require('vim.lsp.protocol')
040.811  000.639  000.163: require('vim.lsp.log')
041.214  000.399  000.399: require('vim.lsp.util')
041.505  000.133  000.133: require('vim.lsp.sync')
041.509  000.292  000.159: require('vim.lsp._changetracking')
041.792  000.129  000.129: require('vim.lsp._transport')
041.797  000.004  000.004: require('vim._core.stringbuffer')
041.832  000.321  000.188: require('vim.lsp.rpc')
041.896  001.976  000.324: require('vim.lsp')
042.805  000.904  000.904: require('blink.cmp')
043.152  000.173  000.173: require('blink.cmp.lib.async')
043.347  000.040  000.040: require('blink.cmp.config.utils')
043.391  000.041  000.041: require('blink.cmp.config.keymap')
043.469  000.034  000.034: require('blink.cmp.config.completion.keyword')
043.514  000.043  000.043: require('blink.cmp.config.completion.trigger')
043.552  000.037  000.037: require('blink.cmp.config.completion.list')
043.593  000.039  000.039: require('blink.cmp.config.completion.accept')
043.792  000.197  000.197: require('blink.cmp.config.completion.menu')
043.840  000.047  000.047: require('blink.cmp.config.completion.documentation')
043.879  000.038  000.038: require('blink.cmp.config.completion.ghost_text')
043.881  000.488  000.054: require('blink.cmp.config.completion')
043.939  000.057  000.057: require('blink.cmp.config.fuzzy')
043.994  000.053  000.053: require('blink.cmp.config.sources')
044.052  000.056  000.056: require('blink.cmp.config.signature')
044.104  000.050  000.050: require('blink.cmp.config.snippets')
044.148  000.043  000.043: require('blink.cmp.config.appearance')
044.190  000.041  000.041: require('blink.cmp.config.modes.cmdline')
044.230  000.038  000.038: require('blink.cmp.config.modes.term')
044.232  001.078  000.170: require('blink.cmp.config')
044.395  000.161  000.161: require('blink.cmp.lib.utils')
044.440  000.043  000.043: require('blink.cmp.lib.event_emitter')
044.446  001.638  000.183: require('blink.cmp.sources.lib')
044.485  004.618  000.100: sourcing /home/trema/.local/share/nvim/lazy/blink.cmp/plugin/blink-cmp.lua
044.490  004.640  000.021: sourcing nvim_exec2() called at /home/trema/.config/nvim/init.lua:0
044.504  000.009  000.009: sourcing nvim_exec2() called at /home/trema/.config/nvim/init.lua:0
044.517  000.001  000.001: sourcing nvim_exec2() called at /home/trema/.config/nvim/init.lua:0
044.618  000.046  000.046: require('blink-cmp')
045.661  000.058  000.058: require('blink.cmp.config.modes.types')
046.414  000.059  000.059: require('blink.cmp.fuzzy.download.system')
046.470  000.266  000.207: require('blink.cmp.fuzzy.download.files')
046.474  000.320  000.054: require('blink.cmp.fuzzy.download.git')
046.477  000.649  000.329: require('blink.cmp.fuzzy.download')
048.423  000.008  000.008: sourcing nvim_exec2() called at /home/trema/.config/nvim/init.lua:0
048.438  000.001  000.001: sourcing nvim_exec2() called at /home/trema/.config/nvim/init.lua:0
049.465  000.043  000.043: require('notify.util.queue')
049.470  000.303  000.259: require('notify.util')
049.548  000.027  000.027: sourcing nvim_exec2() called at /home/trema/.config/nvim/init.lua:0
049.567  000.015  000.015: sourcing nvim_exec2() called at /home/trema/.config/nvim/init.lua:0
049.569  000.098  000.056: require('notify.config.highlights')
049.571  000.566  000.165: require('notify.config')
049.801  000.052  000.052: require('notify.stages')
049.937  000.134  000.134: require('notify.service.notification')
050.536  000.082  000.082: require('notify.animate.spring')
050.539  000.174  000.092: require('notify.animate')
050.544  000.604  000.430: require('notify.windows')
051.125  000.164  000.164: require('notify.service.buffer.highlights')
051.135  000.387  000.224: require('notify.service.buffer')
051.137  000.592  000.204: require('notify.service')
051.360  000.222  000.222: require('notify.stages.util')
051.362  001.790  000.186: require('notify.instance')
051.367  002.706  000.350: require('notify')
051.443  000.057  000.057: require('notify.stages.fade_in_slide_out')
051.476  000.007  000.007: sourcing nvim_exec2() called at /home/trema/.config/nvim/init.lua:0
051.482  000.003  000.003: sourcing nvim_exec2() called at /home/trema/.config/nvim/init.lua:0
052.215  000.003  000.003: sourcing nvim_exec2() called at /home/trema/.config/nvim/init.lua:0
052.227  000.001  000.001: sourcing nvim_exec2() called at /home/trema/.config/nvim/init.lua:0
052.482  000.002  000.002: sourcing nvim_exec2() called at /home/trema/.config/nvim/init.lua:0
052.491  000.001  000.001: sourcing nvim_exec2() called at /home/trema/.config/nvim/init.lua:0
053.018  000.386  000.386: sourcing /home/trema/.local/share/nvim/lazy/telescope.nvim/plugin/telescope.lua
053.023  000.409  000.023: sourcing nvim_exec2() called at /home/trema/.config/nvim/init.lua:0
053.029  000.002  000.002: sourcing nvim_exec2() called at /home/trema/.config/nvim/init.lua:0
053.044  000.001  000.001: sourcing nvim_exec2() called at /home/trema/.config/nvim/init.lua:0
053.256  000.207  000.207: require('config.telescope')
053.936  000.134  000.134: require('telescope._extensions')
053.940  000.682  000.548: require('telescope')
055.264  000.433  000.433: require('plenary.strings')
055.856  000.225  000.225: require('plenary.log')
055.904  000.360  000.135: require('telescope.log')
056.349  000.117  000.117: require('telescope.state')
056.510  000.154  000.154: require('vim.hl')
056.529  000.623  000.352: require('telescope.utils')
056.535  001.268  000.284: require('telescope.sorters')
058.060  003.689  001.989: require('telescope.config')
058.694  000.199  000.199: require('plenary.window.border')
058.756  000.059  000.059: require('plenary.window')
058.800  000.043  000.043: require('plenary.popup.utils')
058.805  000.741  000.440: require('plenary.popup')
059.041  000.234  000.234: require('telescope.pickers.scroller')
059.205  000.163  000.163: require('telescope.actions.state')
059.394  000.187  000.187: require('telescope.actions.utils')
060.216  000.479  000.479: require('telescope.actions.mt')
060.321  000.925  000.446: require('telescope.actions.set')
060.676  000.198  000.198: require('telescope.config.resolve')
060.681  000.359  000.160: require('telescope.pickers.entry_display')
060.772  000.089  000.089: require('telescope.from_entry')
061.010  007.069  000.681: require('telescope.actions')
061.599  000.321  000.321: require('fzf_lib')
061.603  000.591  000.270: require('telescope._extensions.fzf')
062.187  000.148  000.148: require('telescope._extensions.file_browser.utils')
062.350  000.160  000.160: require('telescope._extensions.file_browser.lsp')
063.265  000.913  000.913: require('plenary.scandir')
063.483  000.033  000.033: require('plenary.tbl')
063.486  000.074  000.040: require('plenary.vararg.rotate')
063.487  000.111  000.037: require('plenary.vararg')
063.530  000.042  000.042: require('plenary.errors')
063.533  000.202  000.049: require('plenary.async.async')
063.686  000.036  000.036: require('plenary.async.structs')
063.690  000.083  000.047: require('plenary.async.control')
063.694  000.127  000.044: require('plenary.async.util')
063.696  000.161  000.035: require('plenary.async.tests')
063.697  000.428  000.065: require('plenary.async')
063.762  001.988  000.339: require('telescope._extensions.file_browser.actions')
064.193  000.049  000.049: require('telescope._extensions.file_browser.git')
064.231  000.036  000.036: require('telescope._extensions.file_browser.make_entry_utils')
064.281  000.048  000.048: require('telescope._extensions.file_browser.fs_stat')
064.284  000.293  000.160: require('telescope._extensions.file_browser.make_entry')
064.588  000.036  000.036: require('plenary.class')
064.627  000.291  000.256: require('telescope._')
065.008  000.379  000.379: require('telescope.make_entry')
065.010  000.725  000.055: require('telescope.finders.async_oneshot_finder')
065.200  000.045  000.045: require('telescope.finders.async_static_finder')
065.246  000.044  000.044: require('telescope.finders.async_job_finder')
065.250  000.239  000.149: require('telescope.finders')
065.271  001.506  000.249: require('telescope._extensions.file_browser.finders')
065.703  000.064  000.064: require('telescope.debounce')
065.918  000.213  000.213: require('telescope.mappings')
065.991  000.069  000.069: require('telescope.pickers.highlights')
066.041  000.048  000.048: require('telescope.pickers.window')
066.089  000.046  000.046: require('telescope.pickers.layout')
066.239  000.052  000.052: require('telescope.algos.linked_list')
066.242  000.151  000.099: require('telescope.entry_manager')
066.284  000.041  000.041: require('telescope.pickers.multi')
066.295  000.980  000.348: require('telescope.pickers')
066.297  001.026  000.045: require('telescope._extensions.file_browser.picker')
066.434  000.136  000.136: require('telescope._extensions.file_browser.config')
066.437  004.808  000.152: require('telescope._extensions.file_browser')
066.708  000.047  000.047: require('telescope.previewers.previewer')
067.053  000.186  000.186: require('telescope.previewers.utils')
067.087  000.377  000.191: require('telescope.previewers.term_previewer')
067.468  000.380  000.380: require('telescope.previewers.buffer_previewer')
067.472  000.990  000.187: require('telescope.previewers')
068.044  000.004  000.004: sourcing nvim_exec2() called at /home/trema/.config/nvim/init.lua:0
068.051  000.001  000.001: sourcing nvim_exec2() called at /home/trema/.config/nvim/init.lua:0
068.375  000.191  000.191: require('telescope.builtin')
070.601  002.224  002.224: require('nuget.notify')
070.978  000.025  000.025: require('nuget.utils')
070.981  000.377  000.352: require('nuget.dotnet')
070.982  002.822  000.030: require('nuget.pickers.projects')
071.153  000.022  000.022: require('nuget.finders.async_finder')
071.157  000.175  000.153: require('nuget.pickers.nuget')
071.272  000.114  000.114: require('nuget.pickers.sln')
071.297  000.024  000.024: require('nuget.pickers.csproj')
071.298  003.159  000.024: require('nuget.pickers')
071.299  003.180  000.021: require('nuget.remove')
071.318  000.018  000.018: require('nuget.install')
071.322  003.269  000.071: require('nuget')
071.380  000.003  000.003: sourcing nvim_exec2() called at /home/trema/.config/nvim/init.lua:0
071.384  000.001  000.001: sourcing nvim_exec2() called at /home/trema/.config/nvim/init.lua:0
071.816  000.058  000.058: require('neoscroll.config')
071.841  000.024  000.024: require('neoscroll.window')
071.867  000.026  000.026: require('neoscroll.logic')
071.987  000.119  000.119: require('neoscroll.scroll')
072.006  000.592  000.367: require('neoscroll')
072.038  000.004  000.004: sourcing nvim_exec2() called at /home/trema/.config/nvim/init.lua:0
072.041  000.001  000.001: sourcing nvim_exec2() called at /home/trema/.config/nvim/init.lua:0
072.043  000.001  000.001: sourcing nvim_exec2() called at /home/trema/.config/nvim/init.lua:0
072.045  000.001  000.001: sourcing nvim_exec2() called at /home/trema/.config/nvim/init.lua:0
072.047  000.001  000.001: sourcing nvim_exec2() called at /home/trema/.config/nvim/init.lua:0
072.049  000.001  000.001: sourcing nvim_exec2() called at /home/trema/.config/nvim/init.lua:0
072.051  000.001  000.001: sourcing nvim_exec2() called at /home/trema/.config/nvim/init.lua:0
072.629  000.124  000.124: require('lazydev')
072.667  000.035  000.035: require('lazydev.config')
072.695  000.024  000.024: require('lazydev.util')
073.005  000.134  000.134: sourcing /home/trema/.local/share/nvim/lazy/nvim-lspconfig/plugin/lspconfig.lua
073.008  000.147  000.013: sourcing nvim_exec2() called at /home/trema/.config/nvim/init.lua:0
073.012  000.002  000.002: sourcing nvim_exec2() called at /home/trema/.config/nvim/init.lua:0
073.018  000.000  000.000: sourcing nvim_exec2() called at /home/trema/.config/nvim/init.lua:0
073.063  000.038  000.038: require('lsp.setup')
073.182  000.001  000.001: sourcing nvim_exec2() called at /home/trema/.config/nvim/init.lua:0
073.186  000.000  000.000: sourcing nvim_exec2() called at /home/trema/.config/nvim/init.lua:0
073.257  000.020  000.020: require('mason-lspconfig.settings')
073.258  000.057  000.037: require('mason-lspconfig')
073.298  000.035  000.035: require('mason-registry.installer')
073.595  000.122  000.122: require('mason-registry.sources.synthesized')
075.611  000.022  000.022: require('mason-lspconfig.mappings')
075.613  000.049  000.026: require('mason-lspconfig.features.automatic_enable')
081.203  000.254  000.254: require('lspconfig.util')
086.552  000.024  000.024: require('mason-lspconfig.notify')
086.564  000.180  000.155: require('mason-lspconfig.api.command')
086.718  000.004  000.004: sourcing nvim_exec2() called at /home/trema/.config/nvim/init.lua:0
086.723  000.001  000.001: sourcing nvim_exec2() called at /home/trema/.config/nvim/init.lua:0
086.977  000.022  000.022: require('tokyodark.config')
086.978  000.250  000.228: require('tokyodark')
087.213  000.020  000.020: sourcing /home/trema/.local/share/nvim/lazy/conform.nvim/plugin/conform.lua
087.215  000.032  000.012: sourcing nvim_exec2() called at /home/trema/.config/nvim/init.lua:0
087.218  000.001  000.001: sourcing nvim_exec2() called at /home/trema/.config/nvim/init.lua:0
087.223  000.000  000.000: sourcing nvim_exec2() called at /home/trema/.config/nvim/init.lua:0
087.493  000.248  000.248: require('conform')
087.613  000.029  000.029: sourcing /usr/local/share/nvim/runtime/plugin/editorconfig.lua
087.615  000.039  000.010: sourcing nvim_exec2() called at /home/trema/.config/nvim/init.lua:0
087.717  000.095  000.095: sourcing /usr/local/share/nvim/runtime/plugin/gzip.vim
087.719  000.101  000.007: sourcing nvim_exec2() called at /home/trema/.config/nvim/init.lua:0
087.764  000.027  000.027: sourcing /usr/local/share/nvim/runtime/plugin/man.lua
087.765  000.034  000.007: sourcing nvim_exec2() called at /home/trema/.config/nvim/init.lua:0
088.170  000.206  000.206: sourcing /usr/local/share/nvim/runtime/pack/dist/opt/matchit/plugin/matchit.vim
088.183  000.400  000.195: sourcing /usr/local/share/nvim/runtime/plugin/matchit.vim
088.184  000.407  000.007: sourcing nvim_exec2() called at /home/trema/.config/nvim/init.lua:0
088.356  000.163  000.163: sourcing /usr/local/share/nvim/runtime/plugin/matchparen.vim
088.358  000.170  000.007: sourcing nvim_exec2() called at /home/trema/.config/nvim/init.lua:0
088.407  000.039  000.039: sourcing /usr/local/share/nvim/runtime/plugin/net.lua
088.408  000.047  000.008: sourcing nvim_exec2() called at /home/trema/.config/nvim/init.lua:0
089.972  000.265  000.265: sourcing /usr/local/share/nvim/runtime/pack/dist/opt/netrw/plugin/netrwPlugin.vim
089.995  001.578  001.313: sourcing /usr/local/share/nvim/runtime/plugin/netrwPlugin.vim
089.998  001.588  000.009: sourcing nvim_exec2() called at /home/trema/.config/nvim/init.lua:0
090.087  000.068  000.068: sourcing /usr/local/share/nvim/runtime/plugin/osc52.lua
090.089  000.079  000.011: sourcing nvim_exec2() called at /home/trema/.config/nvim/init.lua:0
090.188  000.087  000.087: sourcing /usr/local/share/nvim/runtime/plugin/rplugin.vim
090.189  000.095  000.008: sourcing nvim_exec2() called at /home/trema/.config/nvim/init.lua:0
090.267  000.065  000.065: sourcing /usr/local/share/nvim/runtime/plugin/shada.lua
090.268  000.075  000.010: sourcing nvim_exec2() called at /home/trema/.config/nvim/init.lua:0
090.311  000.029  000.029: sourcing /usr/local/share/nvim/runtime/plugin/spellfile.lua
090.312  000.040  000.012: sourcing nvim_exec2() called at /home/trema/.config/nvim/init.lua:0
090.372  000.048  000.048: sourcing /usr/local/share/nvim/runtime/plugin/tarPlugin.vim
090.373  000.057  000.009: sourcing nvim_exec2() called at /home/trema/.config/nvim/init.lua:0
090.421  000.013  000.013: sourcing /usr/local/share/nvim/runtime/plugin/tutor.vim
090.422  000.024  000.011: sourcing nvim_exec2() called at /home/trema/.config/nvim/init.lua:0
090.666  000.228  000.228: sourcing /usr/local/share/nvim/runtime/plugin/zipPlugin.vim
090.667  000.237  000.009: sourcing nvim_exec2() called at /home/trema/.config/nvim/init.lua:0
091.012  000.006  000.006: sourcing nvim_exec2() called at /home/trema/.config/nvim/after/plugin/cursor_and_signs.lua:0
091.044  000.188  000.182: sourcing /home/trema/.config/nvim/after/plugin/cursor_and_signs.lua
091.046  000.205  000.017: sourcing nvim_exec2() called at /home/trema/.config/nvim/init.lua:0
091.576  000.282  000.282: require('nvim-treesitter.async')
091.619  000.042  000.042: require('nvim-treesitter.config')
091.649  000.029  000.029: require('nvim-treesitter.log')
092.185  000.535  000.535: require('nvim-treesitter.parsers')
092.213  000.027  000.027: require('nvim-treesitter.util')
092.219  001.158  000.242: require('nvim-treesitter.install')
092.396  000.175  000.175: require('nvim-treesitter.parsers')
092.516  088.335  032.370: require('config.lazy')
092.690  000.141  000.141: require('config.toggleterm')
092.781  000.264  000.122: require('config.mappings')
093.235  000.453  000.453: require('tools')
093.541  000.003  000.003: sourcing nvim_exec2() called at /home/trema/.config/nvim/init.lua:0
093.546  000.001  000.001: sourcing nvim_exec2() called at /home/trema/.config/nvim/init.lua:0
094.467  000.911  000.911: require('mini.icons')
094.700  000.205  000.205: require('mini.pairs')
095.000  001.664  000.544: require('mini.icons')
095.009  001.773  000.110: require('ui.statusline')
095.057  000.004  000.004: sourcing nvim_exec2() called at /home/trema/.config/nvim/init.lua:0
095.061  000.002  000.002: sourcing nvim_exec2() called at /home/trema/.config/nvim/init.lua:0
095.066  000.056  000.049: require('config.tabline')
095.756  000.325  000.325: require('vim.diagnostic')
095.760  091.657  000.451: sourcing /home/trema/.config/nvim/init.lua
095.768  000.931: sourcing vimrc file(s)
095.912  000.016  000.016: sourcing /usr/local/share/nvim/runtime/filetype.lua
096.199  000.040  000.040: sourcing /usr/local/share/nvim/runtime/syntax/synload.vim
096.238  000.282  000.242: sourcing /usr/local/share/nvim/runtime/syntax/syntax.vim
096.245  000.179: inits 3
097.395  001.149: reading ShaDa
098.507  000.766  000.766: require('luasnip.util.vimversion')
098.513  000.942  000.176: require('luasnip.util.util')
098.681  000.167  000.167: require('luasnip.util.path')
098.972  000.024  000.024: require('luasnip.session.snippet_collection.source')
098.993  000.020  000.020: require('luasnip.util.table')
099.013  000.019  000.019: require('luasnip.util.auto_table')
099.016  000.201  000.138: require('luasnip.session.snippet_collection')
099.140  000.123  000.123: require('luasnip.util.log')
099.143  000.461  000.137: require('luasnip.loaders.util')
099.187  000.043  000.043: require('luasnip.loaders.data')
099.393  000.205  000.205: require('luasnip.loaders.fs_watchers')
099.395  001.965  000.147: require('luasnip.loaders')
099.646  000.111  000.111: require('luasnip.util.directed_graph')
099.671  000.024  000.024: require('luasnip.session.enqueueable_operations')
099.673  000.268  000.133: require('luasnip.loaders.from_lua')
100.525  000.135  000.135: require('luasnip.util.str')
100.553  000.026  000.026: require('luasnip.nodes.key_indexer')
100.584  000.030  000.030: require('luasnip.util.feedkeys')
100.802  000.217  000.217: require('luasnip.nodes.util.snippet_string')
100.807  000.571  000.164: require('luasnip.nodes.util')
100.826  000.018  000.018: require('luasnip.util.events')
100.845  000.018  000.018: require('luasnip.nodes.optional_arg')
100.857  000.758  000.150: require('luasnip.nodes.node')
101.033  000.020  000.020: require('luasnip.util.extend_decorator')
101.040  000.182  000.162: require('luasnip.nodes.insertNode')
101.065  000.024  000.024: require('luasnip.nodes.textNode')
101.192  000.127  000.127: require('luasnip.util.mark')
101.430  000.025  000.025: require('luasnip.util.select')
101.448  000.018  000.018: require('luasnip.util.time')
101.670  000.379  000.336: require('luasnip.util._builtin_vars')
101.740  000.547  000.169: require('luasnip.util.environ')
101.775  000.033  000.033: require('luasnip.util.pattern_tokenizer')
101.797  000.021  000.021: require('luasnip.util.dict')
101.971  000.149  000.149: require('luasnip.util.jsregexp')
101.973  000.174  000.026: require('luasnip.nodes.util.trig_engines')
102.010  002.147  000.280: require('luasnip.nodes.snippet')
102.012  002.170  000.023: require('luasnip.nodes.duplicate')
102.014  002.205  000.035: require('luasnip.loaders.snippet_cache')
102.019  002.342  000.137: require('luasnip.loaders.from_snipmate')
102.512  000.038  000.038: require('luasnip.util.parser.neovim_ast')
102.605  000.092  000.092: require('luasnip.util.jsregexp')
102.608  000.247  000.117: require('luasnip.util.parser.ast_utils')
102.726  000.117  000.117: require('luasnip.nodes.functionNode')
102.908  000.182  000.182: require('luasnip.nodes.choiceNode')
103.051  000.142  000.142: require('luasnip.nodes.dynamicNode')
103.074  000.022  000.022: require('luasnip.util.functions')
103.077  000.829  000.120: require('luasnip.util.parser.ast_parser')
103.293  000.216  000.216: require('luasnip.util.parser.neovim_parser')
103.296  001.082  000.037: require('luasnip.util.parser')
103.324  000.027  000.027: require('luasnip.nodes.snippetProxy')
103.491  000.166  000.166: require('luasnip.util.jsonc')
103.497  001.476  000.201: require('luasnip.loaders.from_vscode')
103.588  000.143: opening buffers
103.608  000.020: BufEnter autocommands
103.609  000.001: editing files in windows
103.714  000.105: VimEnter autocommands
103.741  000.027: UIEnter autocommands
104.300  000.370  000.370: sourcing /usr/local/share/nvim/runtime/autoload/provider/clipboard.vim
104.304  000.193: before starting main loop
104.763  000.054  000.054: require('nvim-web-devicons.filetypes')
105.013  000.220  000.220: require('nvim-web-devicons.default.icons_by_filename')
105.373  000.359  000.359: require('nvim-web-devicons.default.icons_by_file_extension')
105.571  000.197  000.197: require('nvim-web-devicons.default.icons_by_operating_system')
105.598  000.026  000.026: require('nvim-web-devicons.default.icons_by_desktop_environment')
105.625  000.026  000.026: require('nvim-web-devicons.default.icons_by_window_manager')
105.626  000.855  000.027: require('nvim-web-devicons.icons-default')
105.772  001.393  000.484: require('nvim-web-devicons')
107.980  000.137  000.137: require('gitsigns.async')
108.260  000.145  000.145: require('gitsigns.util')
108.263  000.280  000.136: require('gitsigns.hunks')
108.423  000.021  000.021: require('gitsigns.diff')
108.542  000.118  000.118: require('gitsigns.signs')
108.566  000.023  000.023: require('gitsigns.status')
108.700  000.133  000.133: require('gitsigns.cache')
108.751  000.487  000.192: require('gitsigns.manager')
108.781  000.029  000.029: require('gitsigns.message')
108.891  000.109  000.109: require('gitsigns.repeat')
108.917  001.312  000.269: require('gitsigns.actions')
109.647  000.035  000.035: require('gitsigns.system')
109.649  000.106  000.072: require('gitsigns.git.cmd')
109.796  000.147  000.147: require('gitsigns.git.errors')
109.969  000.172  000.172: require('gitsigns.git.repo.watcher')
110.013  000.043  000.043: require('gitsigns.git.version')
110.026  000.690  000.222: require('gitsigns.git.repo')
110.029  000.884  000.194: require('gitsigns.git')
110.037  001.119  000.235: require('gitsigns.attach')
110.206  000.150  000.150: require('gitsigns.current_line_blame')
110.390  000.158  000.158: require('editorconfig')
111.219  000.617  000.617: require('vim.filetype.detect')
111.582  000.348  000.348: require('vim.lsp.client')
111.650  002.250: first screen update
111.651  000.001: --- NVIM STARTED ---

