--- Startup times for process: Primary (or UI client) ---

times in msec
 clock   self+sourced   self:  sourced script
 clock   elapsed:              other lines

000.001  000.001: --- NVIM STARTING ---
000.060  000.060: event init
000.111  000.050: early init
000.131  000.021: locale set
000.154  000.023: init first window
000.353  000.199: inits 1
000.359  000.006: window checked
000.360  000.001: parsing arguments
000.622  000.024  000.024: require('vim._core.shared')
000.665  000.002  000.002: require('string.buffer')
000.679  000.026  000.023: require('vim.inspect')
000.707  000.023  000.023: require('vim._core.options')
000.708  000.084  000.035: require('vim._core.editor')
000.732  000.024  000.024: require('vim._core.system')
000.733  000.151  000.018: require('vim._init_packages')
000.734  000.224: init lua interpreter
001.331  000.597: nvim_ui_attach
001.481  000.150: nvim_set_client_info
001.482  000.001: --- NVIM STARTED ---

--- Startup times for process: Embedded ---

times in msec
 clock   self+sourced   self:  sourced script
 clock   elapsed:              other lines

000.001  000.001: --- NVIM STARTING ---
000.144  000.143: event init
000.202  000.058: early init
000.232  000.030: locale set
000.257  000.025: init first window
000.549  000.292: inits 1
000.558  000.009: window checked
000.560  000.002: parsing arguments
000.865  000.026  000.026: require('vim._core.shared')
000.906  000.003  000.003: require('string.buffer')
000.920  000.024  000.022: require('vim.inspect')
000.947  000.023  000.023: require('vim._core.options')
000.948  000.081  000.033: require('vim._core.editor')
000.964  000.015  000.015: require('vim._core.system')
000.964  000.138  000.016: require('vim._init_packages')
000.966  000.268: init lua interpreter
000.998  000.032: expanding arguments
001.009  000.011: inits 2
001.145  000.136: init highlight
001.145  000.000: waiting for UI
001.201  000.056: done waiting for UI
001.206  000.005: clear screen
001.288  000.008  000.008: require('vim.keymap')
001.665  000.076  000.076: sourcing nvim_exec2()
001.679  000.003  000.003: require('vim._core.log')
002.017  000.810  000.722: require('vim._core.defaults')
002.018  000.002: init default mappings & autocommands
002.178  000.025  000.025: sourcing /usr/local/share/nvim/runtime/ftplugin.vim
002.200  000.010  000.010: sourcing /usr/local/share/nvim/runtime/indent.vim
002.268  000.050  000.050: sourcing /usr/share/nvim/archlinux.lua
002.269  000.059  000.009: sourcing /etc/xdg/nvim/sysinit.vim
002.673  000.168  000.168: require('lazy')
002.684  000.006  000.006: require('ffi')
002.705  000.010  000.010: require('vim.fs')
002.749  000.043  000.043: require('vim.uri')
002.756  000.070  000.017: require('vim.loader')
002.855  000.093  000.093: require('lazy.stats')
002.905  000.040  000.040: require('lazy.core.util')
002.949  000.044  000.044: require('lazy.core.config')
003.041  000.024  000.024: require('lazy.core.handler')
003.136  000.037  000.037: require('lazy.pkg')
003.139  000.066  000.029: require('lazy.core.meta')
003.142  000.101  000.035: require('lazy.core.plugin')
003.147  000.198  000.073: require('lazy.core.loader')
003.359  000.049  000.049: require('lazy.core.fragments')
005.480  000.029  000.029: require('lazy.core.handler.keys')
005.527  000.026  000.026: require('lazy.core.handler.event')
005.529  000.046  000.020: require('lazy.core.handler.ft')
005.547  000.017  000.017: require('lazy.core.handler.cmd')
005.606  000.003  000.003: sourcing nvim_exec2() called at /home/trema/.config/nvim/init.lua:0
005.612  000.001  000.001: sourcing nvim_exec2() called at /home/trema/.config/nvim/init.lua:0
005.649  000.001  000.001: sourcing nvim_exec2() called at /home/trema/.config/nvim/init.lua:0
005.652  000.000  000.000: sourcing nvim_exec2() called at /home/trema/.config/nvim/init.lua:0
005.814  000.001  000.001: sourcing nvim_exec2() called at /home/trema/.config/nvim/init.lua:0
005.818  000.000  000.000: sourcing nvim_exec2() called at /home/trema/.config/nvim/init.lua:0
007.016  001.076  001.076: require('vim.filetype')
007.021  001.093  000.017: sourcing /home/trema/.config/nvim/ftdetect/axaml.lua
007.040  001.161  000.068: sourcing nvim_exec2() called at /usr/local/share/nvim/runtime/filetype.lua:0
007.042  001.190  000.029: sourcing /usr/local/share/nvim/runtime/filetype.lua
007.043  001.199  000.009: sourcing nvim_exec2() called at /home/trema/.config/nvim/init.lua:0
007.094  000.001  000.001: sourcing nvim_exec2() called at /home/trema/.config/nvim/init.lua:0
007.097  000.000  000.000: sourcing nvim_exec2() called at /home/trema/.config/nvim/init.lua:0
007.291  000.018  000.018: require('tokyonight.config')
007.293  000.193  000.175: require('tokyonight')
007.367  000.002  000.002: sourcing nvim_exec2() called at /home/trema/.config/nvim/init.lua:0
007.370  000.000  000.000: sourcing nvim_exec2() called at /home/trema/.config/nvim/init.lua:0
007.415  000.001  000.001: sourcing nvim_exec2() called at /home/trema/.config/nvim/init.lua:0
007.417  000.000  000.000: sourcing nvim_exec2() called at /home/trema/.config/nvim/init.lua:0
007.566  000.147  000.147: require('catppuccin')
007.647  000.031  000.031: require('catppuccin.lib.hashing')
008.018  000.002  000.002: sourcing nvim_exec2() called at ColorSchemePre Autocommands for "*":0
008.022  000.001  000.001: sourcing nvim_exec2() called at ColorSchemePre Autocommands for "*":0
008.219  000.029  000.029: require('tokyodark.config')
008.221  000.176  000.147: require('tokyodark')
008.337  000.080  000.080: sourcing nvim_exec2() called at /home/trema/.local/share/nvim/lazy/tokyodark.nvim/colors/tokyodark.lua:0
008.405  000.064  000.064: sourcing nvim_exec2() called at /home/trema/.local/share/nvim/lazy/tokyodark.nvim/colors/tokyodark.lua:0
008.555  000.016  000.016: require('tokyodark.utils')
008.615  000.092  000.076: require('tokyodark.palette')
008.636  000.021  000.021: require('tokyodark.terminal')
008.764  000.355  000.243: require('tokyodark.highlights')
008.986  000.740  000.240: sourcing /home/trema/.local/share/nvim/lazy/tokyodark.nvim/colors/tokyodark.lua
009.100  000.002  000.002: sourcing nvim_exec2() called at /home/trema/.config/nvim/init.lua:0
009.105  000.001  000.001: sourcing nvim_exec2() called at /home/trema/.config/nvim/init.lua:0
009.158  000.001  000.001: sourcing nvim_exec2() called at /home/trema/.config/nvim/init.lua:0
009.161  000.000  000.000: sourcing nvim_exec2() called at /home/trema/.config/nvim/init.lua:0
009.470  000.029  000.029: require('luasnip.util.types')
009.472  000.050  000.021: require('luasnip.util.ext_opts')
009.534  000.012  000.012: require('luasnip.util.lazy_table')
009.553  000.018  000.018: require('luasnip.extras.filetype_functions')
009.559  000.068  000.038: require('luasnip.default_config')
009.560  000.087  000.019: require('luasnip.session')
009.561  000.237  000.100: require('luasnip.config')
009.572  000.345  000.108: sourcing /home/trema/.local/share/nvim/lazy/LuaSnip/plugin/luasnip.lua
009.574  000.355  000.009: sourcing nvim_exec2() called at /home/trema/.config/nvim/init.lua:0
009.596  000.012  000.012: sourcing /home/trema/.local/share/nvim/lazy/LuaSnip/plugin/luasnip.vim
009.597  000.020  000.009: sourcing nvim_exec2() called at /home/trema/.config/nvim/init.lua:0
009.599  000.001  000.001: sourcing nvim_exec2() called at /home/trema/.config/nvim/init.lua:0
009.602  000.000  000.000: sourcing nvim_exec2() called at /home/trema/.config/nvim/init.lua:0
010.395  000.511  000.511: require('vim.lsp.protocol')
010.411  000.582  000.070: require('vim.lsp.log')
010.562  000.148  000.148: require('vim.lsp.util')
010.682  000.043  000.043: require('vim.lsp.sync')
010.687  000.123  000.080: require('vim.lsp._changetracking')
010.869  000.131  000.131: require('vim.lsp._transport')
010.879  000.010  000.010: require('vim._core.stringbuffer')
010.920  000.232  000.090: require('vim.lsp.rpc')
010.964  001.325  000.241: require('vim.lsp')
011.140  000.171  000.171: require('blink.cmp')
011.268  000.039  000.039: require('blink.cmp.lib.async')
011.312  000.014  000.014: require('blink.cmp.config.utils')
011.326  000.013  000.013: require('blink.cmp.config.keymap')
011.355  000.014  000.014: require('blink.cmp.config.completion.keyword')
011.370  000.014  000.014: require('blink.cmp.config.completion.trigger')
011.384  000.013  000.013: require('blink.cmp.config.completion.list')
011.400  000.015  000.015: require('blink.cmp.config.completion.accept')
011.434  000.033  000.033: require('blink.cmp.config.completion.menu')
011.458  000.024  000.024: require('blink.cmp.config.completion.documentation')
011.485  000.025  000.025: require('blink.cmp.config.completion.ghost_text')
011.485  000.159  000.019: require('blink.cmp.config.completion')
011.520  000.035  000.035: require('blink.cmp.config.fuzzy')
011.570  000.049  000.049: require('blink.cmp.config.sources')
011.587  000.016  000.016: require('blink.cmp.config.signature')
011.604  000.016  000.016: require('blink.cmp.config.snippets')
011.619  000.015  000.015: require('blink.cmp.config.appearance')
011.642  000.023  000.023: require('blink.cmp.config.modes.cmdline')
011.669  000.013  000.013: require('blink.cmp.config.modes.term')
011.671  000.401  000.049: require('blink.cmp.config')
011.692  000.021  000.021: require('blink.cmp.lib.utils')
011.706  000.013  000.013: require('blink.cmp.lib.event_emitter')
011.709  000.568  000.094: require('blink.cmp.sources.lib')
011.719  002.100  000.036: sourcing /home/trema/.local/share/nvim/lazy/blink.cmp/plugin/blink-cmp.lua
011.721  002.108  000.008: sourcing nvim_exec2() called at /home/trema/.config/nvim/init.lua:0
011.726  000.002  000.002: sourcing nvim_exec2() called at /home/trema/.config/nvim/init.lua:0
011.730  000.001  000.001: sourcing nvim_exec2() called at /home/trema/.config/nvim/init.lua:0
011.753  000.012  000.012: require('blink-cmp')
012.374  000.023  000.023: require('blink.cmp.config.modes.types')
012.557  000.016  000.016: require('blink.cmp.fuzzy.download.system')
012.588  000.065  000.049: require('blink.cmp.fuzzy.download.files')
012.589  000.081  000.016: require('blink.cmp.fuzzy.download.git')
012.590  000.111  000.030: require('blink.cmp.fuzzy.download')
013.869  000.005  000.005: sourcing nvim_exec2() called at /home/trema/.config/nvim/init.lua:0
013.875  000.001  000.001: sourcing nvim_exec2() called at /home/trema/.config/nvim/init.lua:0
014.125  000.067  000.067: require('neoscroll.config')
014.149  000.023  000.023: require('neoscroll.window')
014.164  000.014  000.014: require('neoscroll.logic')
014.187  000.023  000.023: require('neoscroll.scroll')
014.207  000.301  000.174: require('neoscroll')
014.265  000.004  000.004: sourcing nvim_exec2() called at /home/trema/.config/nvim/init.lua:0
014.268  000.002  000.002: sourcing nvim_exec2() called at /home/trema/.config/nvim/init.lua:0
014.270  000.001  000.001: sourcing nvim_exec2() called at /home/trema/.config/nvim/init.lua:0
014.272  000.001  000.001: sourcing nvim_exec2() called at /home/trema/.config/nvim/init.lua:0
014.274  000.001  000.001: sourcing nvim_exec2() called at /home/trema/.config/nvim/init.lua:0
014.276  000.001  000.001: sourcing nvim_exec2() called at /home/trema/.config/nvim/init.lua:0
014.278  000.001  000.001: sourcing nvim_exec2() called at /home/trema/.config/nvim/init.lua:0
014.576  000.037  000.037: require('treesitter-context.config')
014.581  000.130  000.092: require('treesitter-context')
014.610  000.176  000.047: sourcing /home/trema/.local/share/nvim/lazy/nvim-treesitter-context/plugin/treesitter-context.lua
014.612  000.188  000.011: sourcing nvim_exec2() called at /home/trema/.config/nvim/init.lua:0
014.615  000.001  000.001: sourcing nvim_exec2() called at /home/trema/.config/nvim/init.lua:0
014.619  000.000  000.000: sourcing nvim_exec2() called at /home/trema/.config/nvim/init.lua:0
014.840  000.018  000.018: require('vim.treesitter.language')
014.852  000.012  000.012: require('vim.func')
014.872  000.018  000.018: require('vim.treesitter._range')
014.889  000.016  000.016: require('vim.func._memoize')
014.901  000.120  000.057: require('vim.treesitter.query')
014.909  000.174  000.054: require('vim.treesitter.languagetree')
014.912  000.224  000.050: require('vim.treesitter')
014.950  000.037  000.037: require('vim.treesitter.highlighter')
014.964  000.013  000.013: require('treesitter-context.util')
014.968  000.316  000.042: require('treesitter-context.render')
015.125  000.078  000.078: sourcing /home/trema/.local/share/nvim/lazy/nvim-treesitter/plugin/filetypes.lua
015.127  000.089  000.011: sourcing nvim_exec2() called at /home/trema/.config/nvim/init.lua:0
015.162  000.025  000.025: sourcing /home/trema/.local/share/nvim/lazy/nvim-treesitter/plugin/nvim-treesitter.lua
015.164  000.034  000.008: sourcing nvim_exec2() called at /home/trema/.config/nvim/init.lua:0
015.204  000.033  000.033: sourcing /home/trema/.local/share/nvim/lazy/nvim-treesitter/plugin/query_predicates.lua
015.205  000.040  000.007: sourcing nvim_exec2() called at /home/trema/.config/nvim/init.lua:0
015.208  000.001  000.001: sourcing nvim_exec2() called at /home/trema/.config/nvim/init.lua:0
015.213  000.000  000.000: sourcing nvim_exec2() called at /home/trema/.config/nvim/init.lua:0
015.239  000.024  000.024: require('nvim-treesitter')
015.299  000.017  000.017: sourcing /home/trema/.local/share/nvim/lazy/nvim-web-devicons/plugin/nvim-web-devicons.vim
015.301  000.026  000.008: sourcing nvim_exec2() called at /home/trema/.config/nvim/init.lua:0
015.303  000.001  000.001: sourcing nvim_exec2() called at /home/trema/.config/nvim/init.lua:0
015.306  000.000  000.000: sourcing nvim_exec2() called at /home/trema/.config/nvim/init.lua:0
015.492  000.131  000.131: require('render-markdown.settings')
015.496  000.156  000.025: require('render-markdown')
015.519  000.022  000.022: require('render-markdown.lib.presets')
015.554  000.019  000.019: require('render-markdown.lib.compat')
015.594  000.013  000.013: require('render-markdown.lib.list')
015.597  000.043  000.030: require('render-markdown.lib.env')
015.798  000.033  000.033: require('render-markdown.lib.interval')
015.838  000.040  000.040: require('render-markdown.lib.str')
015.840  000.168  000.095: require('render-markdown.lib.line')
015.871  000.030  000.030: require('render-markdown.lib.resolved')
015.896  000.024  000.024: require('render-markdown.lib.iter')
015.898  000.278  000.056: require('render-markdown.lib.config')
015.901  000.300  000.022: require('render-markdown.state')
015.934  000.030  000.030: require('render-markdown.core.ts')
016.034  000.047  000.047: require('render-markdown.request.context')
016.064  000.029  000.029: require('render-markdown.core.log')
016.067  000.132  000.056: require('render-markdown.core.ui')
016.108  000.035  000.035: require('render-markdown.core.colors')
016.246  000.031  000.031: require('render-markdown.api')
016.249  000.068  000.037: require('render-markdown.core.command')
016.309  000.046  000.046: require('render-markdown.core.manager')
016.328  001.007  000.154: sourcing /home/trema/.local/share/nvim/lazy/render-markdown.nvim/plugin/render-markdown.lua
016.330  001.015  000.008: sourcing nvim_exec2() called at /home/trema/.config/nvim/init.lua:0
016.334  000.001  000.001: sourcing nvim_exec2() called at /home/trema/.config/nvim/init.lua:0
016.339  000.001  000.001: sourcing nvim_exec2() called at /home/trema/.config/nvim/init.lua:0
016.542  000.013  000.013: sourcing /home/trema/.local/share/nvim/lazy/plenary.nvim/plugin/plenary.vim
016.544  000.022  000.010: sourcing nvim_exec2() called at /home/trema/.config/nvim/init.lua:0
016.548  000.001  000.001: sourcing nvim_exec2() called at /home/trema/.config/nvim/init.lua:0
016.552  000.000  000.000: sourcing nvim_exec2() called at /home/trema/.config/nvim/init.lua:0
016.690  000.001  000.001: sourcing nvim_exec2() called at /home/trema/.config/nvim/init.lua:0
016.693  000.000  000.000: sourcing nvim_exec2() called at /home/trema/.config/nvim/init.lua:0
016.789  000.001  000.001: sourcing nvim_exec2() called at /home/trema/.config/nvim/init.lua:0
016.795  000.000  000.000: sourcing nvim_exec2() called at /home/trema/.config/nvim/init.lua:0
016.934  000.120  000.120: sourcing /home/trema/.local/share/nvim/lazy/telescope.nvim/plugin/telescope.lua
016.936  000.130  000.009: sourcing nvim_exec2() called at /home/trema/.config/nvim/init.lua:0
016.939  000.001  000.001: sourcing nvim_exec2() called at /home/trema/.config/nvim/init.lua:0
016.943  000.000  000.000: sourcing nvim_exec2() called at /home/trema/.config/nvim/init.lua:0
016.977  000.031  000.031: require('config.telescope')
017.179  000.031  000.031: require('telescope._extensions')
017.181  000.204  000.173: require('telescope')
017.643  000.055  000.055: require('plenary.bit')
017.675  000.031  000.031: require('plenary.functional')
017.693  000.171  000.085: require('plenary.path')
017.701  000.248  000.077: require('plenary.strings')
018.052  000.008  000.008: require('vim.F')
018.081  000.169  000.161: require('plenary.log')
018.116  000.365  000.196: require('telescope.log')
018.514  000.056  000.056: require('plenary.compat')
018.518  000.253  000.198: require('plenary.job')
018.539  000.021  000.021: require('telescope.state')
018.582  000.029  000.029: require('vim.hl')
018.588  000.471  000.168: require('telescope.utils')
018.591  000.890  000.054: require('telescope.sorters')
019.297  001.975  000.837: require('telescope.config')
019.356  000.022  000.022: require('plenary.window.border')
019.388  000.031  000.031: require('plenary.window')
019.401  000.013  000.013: require('plenary.popup.utils')
019.403  000.104  000.038: require('plenary.popup')
019.439  000.035  000.035: require('telescope.pickers.scroller')
019.463  000.023  000.023: require('telescope.actions.state')
019.487  000.023  000.023: require('telescope.actions.utils')
019.536  000.020  000.020: require('telescope.actions.mt')
019.544  000.057  000.036: require('telescope.actions.set')
019.582  000.020  000.020: require('telescope.config.resolve')
019.583  000.039  000.019: require('telescope.pickers.entry_display')
019.600  000.015  000.015: require('telescope.from_entry')
019.680  002.498  000.226: require('telescope.actions')
020.152  000.056  000.056: require('fzf_lib')
020.155  000.086  000.030: require('telescope._extensions.fzf')
020.248  000.023  000.023: require('telescope._extensions.file_browser.utils')
020.273  000.024  000.024: require('telescope._extensions.file_browser.lsp')
020.878  000.604  000.604: require('plenary.scandir')
020.958  000.012  000.012: require('plenary.tbl')
020.961  000.027  000.015: require('plenary.vararg.rotate')
020.962  000.040  000.013: require('plenary.vararg')
020.973  000.011  000.011: require('plenary.errors')
020.975  000.069  000.018: require('plenary.async.async')
021.027  000.013  000.013: require('plenary.async.structs')
021.030  000.030  000.017: require('plenary.async.control')
021.032  000.046  000.016: require('plenary.async.util')
021.033  000.057  000.012: require('plenary.async.tests')
021.034  000.154  000.027: require('plenary.async')
021.052  000.867  000.063: require('telescope._extensions.file_browser.actions')
021.109  000.017  000.017: require('telescope._extensions.file_browser.git')
021.122  000.012  000.012: require('telescope._extensions.file_browser.make_entry_utils')
021.140  000.018  000.018: require('telescope._extensions.file_browser.fs_stat')
021.142  000.067  000.020: require('telescope._extensions.file_browser.make_entry')
021.191  000.011  000.011: require('plenary.class')
021.196  000.038  000.027: require('telescope._')
021.258  000.060  000.060: require('telescope.make_entry')
021.258  000.116  000.018: require('telescope.finders.async_oneshot_finder')
021.292  000.014  000.014: require('telescope.finders.async_static_finder')
021.307  000.014  000.014: require('telescope.finders.async_job_finder')
021.309  000.050  000.021: require('telescope.finders')
021.311  000.259  000.025: require('telescope._extensions.file_browser.finders')
021.428  000.028  000.028: require('telescope.debounce')
021.473  000.043  000.043: require('telescope.mappings')
021.497  000.023  000.023: require('telescope.pickers.highlights')
021.517  000.019  000.019: require('telescope.pickers.window')
021.535  000.018  000.018: require('telescope.pickers.layout')
021.582  000.021  000.021: require('telescope.algos.linked_list')
021.584  000.048  000.027: require('telescope.entry_manager')
021.603  000.018  000.018: require('telescope.pickers.multi')
021.611  000.287  000.089: require('telescope.pickers')
021.613  000.301  000.014: require('telescope._extensions.file_browser.picker')
021.641  000.028  000.028: require('telescope._extensions.file_browser.config')
021.642  001.473  000.018: require('telescope._extensions.file_browser')
021.910  000.141  000.141: require('gitsigns')
022.037  000.115  000.115: require('gitsigns.highlight')
022.072  000.031  000.031: require('gitsigns.debug.log')
022.127  000.055  000.055: require('gitsigns.config')
022.340  000.022  000.022: require('gitsigns.debounce')
022.346  000.590  000.226: sourcing /home/trema/.local/share/nvim/lazy/gitsigns.nvim/plugin/gitsigns.lua
022.348  000.603  000.013: sourcing nvim_exec2() called at /home/trema/.config/nvim/init.lua:0
022.353  000.002  000.002: sourcing nvim_exec2() called at /home/trema/.config/nvim/init.lua:0
022.357  000.000  000.000: sourcing nvim_exec2() called at /home/trema/.config/nvim/init.lua:0
022.391  000.001  000.001: sourcing nvim_exec2() called at /home/trema/.config/nvim/init.lua:0
022.394  000.000  000.000: sourcing nvim_exec2() called at /home/trema/.config/nvim/init.lua:0
022.631  000.015  000.015: require('mason-core.path')
022.697  000.012  000.012: require('mason-core.functional.data')
022.718  000.021  000.021: require('mason-core.functional.function')
022.746  000.025  000.025: require('mason-core.functional.list')
022.772  000.022  000.022: require('mason-core.functional.relation')
022.797  000.024  000.024: require('mason-core.functional.logic')
022.834  000.022  000.022: require('mason-core.functional.number')
022.866  000.028  000.028: require('mason-core.functional.string')
022.905  000.036  000.036: require('mason-core.functional.table')
022.925  000.018  000.018: require('mason-core.functional.type')
022.927  000.264  000.055: require('mason-core.functional')
022.948  000.316  000.052: require('mason-core.platform')
022.991  000.043  000.043: require('mason.settings')
022.994  000.406  000.032: require('mason-core.installer.InstallLocation')
023.128  000.056  000.056: require('mason-core.log')
023.130  000.085  000.029: require('mason-core.EventEmitter')
023.167  000.037  000.037: require('mason-registry.sources')
023.171  000.177  000.055: require('mason-registry')
023.173  000.675  000.091: require('mason')
023.345  000.040  000.040: require('mason-core.result')
023.419  000.046  000.046: require('mason-core.async')
023.438  000.018  000.018: require('mason-core.async.uv')
023.527  000.065  000.065: require('mason-core.process')
023.562  000.035  000.035: require('mason-core.spawn')
023.564  000.126  000.025: require('mason-core.installer.managers.powershell')
023.584  000.019  000.019: require('mason.version')
023.585  000.239  000.031: require('mason-core.fetch')
023.630  000.045  000.045: require('mason-core.fs')
023.656  000.025  000.025: require('mason-core.providers')
023.694  000.021  000.021: require('mason-core.optional')
023.863  000.107  000.107: require('mason-core.purl')
023.900  000.035  000.035: require('mason-core.async.control')
023.904  000.180  000.039: require('mason-core.package.AbstractPackage')
024.077  000.045  000.045: require('mason-core.installer.compiler.expr')
024.085  000.097  000.052: require('mason-core.installer.compiler.link')
024.263  000.031  000.031: require('mason-core.installer.context.InstallContextCwd')
024.294  000.030  000.030: require('mason-core.installer.context.InstallContextFs')
024.317  000.023  000.023: require('mason-core.installer.context.InstallContextSpawn')
024.354  000.036  000.036: require('mason-core.receipt')
024.366  000.172  000.053: require('mason-core.installer.context')
024.368  000.212  000.040: require('mason-core.installer')
024.380  000.269  000.057: require('mason-core.installer.managers.std')
024.381  000.295  000.026: require('mason-core.installer.compiler.schemas')
024.409  000.027  000.027: require('mason-core.installer.compiler.util')
024.422  000.478  000.059: require('mason-core.installer.compiler')
024.458  000.036  000.036: require('mason-core.installer.linker')
024.460  000.555  000.042: require('mason-core.installer.InstallRunner')
024.488  000.027  000.027: require('mason-core.installer.UninstallRunner')
024.494  000.799  000.037: require('mason-core.package')
024.495  000.838  000.018: require('mason-registry.sources.util')
024.501  001.227  000.040: require('mason-registry.sources.github')
024.728  000.065  000.065: require('mason.api.command')
024.762  000.003  000.003: sourcing nvim_exec2() called at /home/trema/.config/nvim/init.lua:0
024.766  000.001  000.001: sourcing nvim_exec2() called at /home/trema/.config/nvim/init.lua:0
025.030  000.084  000.084: require('telescope.builtin')
025.852  000.821  000.821: require('nuget.notify')
026.165  000.196  000.196: require('nuget.utils')
026.184  000.330  000.134: require('nuget.dotnet')
026.197  001.277  000.043: require('nuget.pickers.projects')
026.479  000.052  000.052: require('telescope.previewers.previewer')
026.574  000.023  000.023: require('telescope.previewers.utils')
026.588  000.108  000.086: require('telescope.previewers.term_previewer')
026.668  000.079  000.079: require('telescope.previewers.buffer_previewer')
026.670  000.352  000.113: require('telescope.previewers')
026.693  000.022  000.022: require('nuget.finders.async_finder')
026.698  000.500  000.125: require('nuget.pickers.nuget')
026.715  000.017  000.017: require('nuget.pickers.sln')
026.731  000.015  000.015: require('nuget.pickers.csproj')
026.732  001.833  000.024: require('nuget.pickers')
026.733  001.855  000.022: require('nuget.remove')
026.745  000.011  000.011: require('nuget.install')
026.749  001.981  000.115: require('nuget')
027.070  000.112  000.112: require('lazydev')
027.093  000.021  000.021: require('lazydev.config')
027.112  000.015  000.015: require('lazydev.util')
027.165  000.024  000.024: sourcing /home/trema/.local/share/nvim/lazy/nvim-lspconfig/plugin/lspconfig.lua
027.167  000.036  000.012: sourcing nvim_exec2() called at /home/trema/.config/nvim/init.lua:0
027.170  000.001  000.001: sourcing nvim_exec2() called at /home/trema/.config/nvim/init.lua:0
027.173  000.000  000.000: sourcing nvim_exec2() called at /home/trema/.config/nvim/init.lua:0
027.212  000.020  000.020: require('lsp.setup')
027.217  000.001  000.001: sourcing nvim_exec2() called at /home/trema/.config/nvim/init.lua:0
027.219  000.000  000.000: sourcing nvim_exec2() called at /home/trema/.config/nvim/init.lua:0
027.270  000.012  000.012: require('mason-lspconfig.settings')
027.271  000.031  000.019: require('mason-lspconfig')
027.302  000.024  000.024: require('mason-registry.installer')
027.347  000.019  000.019: require('mason-registry.sources.synthesized')
029.350  000.015  000.015: require('mason-lspconfig.mappings')
029.352  000.032  000.017: require('mason-lspconfig.features.automatic_enable')
032.400  000.079  000.079: require('lspconfig.util')
034.097  000.014  000.014: require('mason-lspconfig.notify')
034.109  000.050  000.036: require('mason-lspconfig.api.command')
034.135  000.003  000.003: sourcing nvim_exec2() called at /home/trema/.config/nvim/init.lua:0
034.139  000.001  000.001: sourcing nvim_exec2() called at /home/trema/.config/nvim/init.lua:0
034.295  000.016  000.016: require('toggleterm.lazy')
034.309  000.013  000.013: require('toggleterm.constants')
034.356  000.046  000.046: require('toggleterm.terminal')
034.359  000.204  000.129: require('toggleterm')
034.397  000.016  000.016: require('toggleterm.colors')
034.417  000.019  000.019: require('toggleterm.utils')
034.419  000.060  000.024: require('toggleterm.config')
034.452  000.025  000.025: require('vim.version')
035.208  000.048  000.048: require('toggleterm.commandline')
035.278  000.020  000.020: sourcing /home/trema/.local/share/nvim/lazy/conform.nvim/plugin/conform.lua
035.280  000.032  000.012: sourcing nvim_exec2() called at /home/trema/.config/nvim/init.lua:0
035.283  000.001  000.001: sourcing nvim_exec2() called at /home/trema/.config/nvim/init.lua:0
035.287  000.000  000.000: sourcing nvim_exec2() called at /home/trema/.config/nvim/init.lua:0
035.462  000.156  000.156: require('conform')
035.563  000.002  000.002: sourcing nvim_exec2() called at /home/trema/.config/nvim/init.lua:0
035.567  000.001  000.001: sourcing nvim_exec2() called at /home/trema/.config/nvim/init.lua:0
035.846  000.059  000.059: require('plenary.curl')
035.850  000.135  000.076: require('neonuget.nuget')
035.985  000.059  000.059: require('neonuget.ui.utils')
036.037  000.026  000.026: require('neonuget.ui.baseui')
036.039  000.052  000.026: require('neonuget.ui.search')
036.079  000.039  000.039: require('neonuget.ui.installed_package_list')
036.121  000.042  000.042: require('neonuget.ui.version_list')
036.157  000.035  000.035: require('neonuget.ui.details')
036.194  000.036  000.036: require('neonuget.ui.available_package_list')
036.203  000.336  000.072: require('neonuget.ui.init')
036.204  000.353  000.017: require('neonuget.ui')
036.245  000.020  000.020: require('neonuget.syntax')
036.246  000.041  000.021: require('neonuget.ftplugin')
036.251  000.671  000.143: require('neonuget')
036.358  000.024  000.024: sourcing /usr/local/share/nvim/runtime/plugin/editorconfig.lua
036.360  000.034  000.010: sourcing nvim_exec2() called at /home/trema/.config/nvim/init.lua:0
036.444  000.076  000.076: sourcing /usr/local/share/nvim/runtime/plugin/gzip.vim
036.445  000.082  000.006: sourcing nvim_exec2() called at /home/trema/.config/nvim/init.lua:0
036.477  000.026  000.026: sourcing /usr/local/share/nvim/runtime/plugin/man.lua
036.478  000.031  000.006: sourcing nvim_exec2() called at /home/trema/.config/nvim/init.lua:0
037.839  000.102  000.102: sourcing /usr/local/share/nvim/runtime/pack/dist/opt/matchit/plugin/matchit.vim
037.860  001.374  001.273: sourcing /usr/local/share/nvim/runtime/plugin/matchit.vim
037.862  001.382  000.007: sourcing nvim_exec2() called at /home/trema/.config/nvim/init.lua:0
037.945  000.060  000.060: sourcing /usr/local/share/nvim/runtime/plugin/matchparen.vim
037.946  000.068  000.008: sourcing nvim_exec2() called at /home/trema/.config/nvim/init.lua:0
038.016  000.060  000.060: sourcing /usr/local/share/nvim/runtime/plugin/net.lua
038.017  000.068  000.007: sourcing nvim_exec2() called at /home/trema/.config/nvim/init.lua:0
038.262  000.102  000.102: sourcing /usr/local/share/nvim/runtime/pack/dist/opt/netrw/plugin/netrwPlugin.vim
038.270  000.244  000.142: sourcing /usr/local/share/nvim/runtime/plugin/netrwPlugin.vim
038.271  000.250  000.006: sourcing nvim_exec2() called at /home/trema/.config/nvim/init.lua:0
038.332  000.047  000.047: sourcing /usr/local/share/nvim/runtime/plugin/osc52.lua
038.333  000.057  000.010: sourcing nvim_exec2() called at /home/trema/.config/nvim/init.lua:0
038.405  000.062  000.062: sourcing /usr/local/share/nvim/runtime/plugin/rplugin.vim
038.406  000.069  000.008: sourcing nvim_exec2() called at /home/trema/.config/nvim/init.lua:0
038.466  000.049  000.049: sourcing /usr/local/share/nvim/runtime/plugin/shada.lua
038.467  000.058  000.009: sourcing nvim_exec2() called at /home/trema/.config/nvim/init.lua:0
038.544  000.064  000.064: sourcing /usr/local/share/nvim/runtime/plugin/spellfile.lua
038.545  000.075  000.011: sourcing nvim_exec2() called at /home/trema/.config/nvim/init.lua:0
038.597  000.038  000.038: sourcing /usr/local/share/nvim/runtime/plugin/tarPlugin.vim
038.598  000.047  000.009: sourcing nvim_exec2() called at /home/trema/.config/nvim/init.lua:0
038.615  000.007  000.007: sourcing /usr/local/share/nvim/runtime/plugin/tutor.vim
038.616  000.016  000.009: sourcing nvim_exec2() called at /home/trema/.config/nvim/init.lua:0
038.683  000.057  000.057: sourcing /usr/local/share/nvim/runtime/plugin/zipPlugin.vim
038.683  000.065  000.008: sourcing nvim_exec2() called at /home/trema/.config/nvim/init.lua:0
038.849  000.005  000.005: sourcing nvim_exec2() called at /home/trema/.config/nvim/after/plugin/cursor_and_signs.lua:0
038.865  000.061  000.056: sourcing /home/trema/.config/nvim/after/plugin/cursor_and_signs.lua
038.866  000.075  000.014: sourcing nvim_exec2() called at /home/trema/.config/nvim/init.lua:0
039.214  000.106  000.106: require('nvim-treesitter.async')
039.258  000.042  000.042: require('nvim-treesitter.config')
039.290  000.031  000.031: require('nvim-treesitter.log')
039.975  000.685  000.685: require('nvim-treesitter.parsers')
040.012  000.035  000.035: require('nvim-treesitter.util')
040.022  001.144  000.244: require('nvim-treesitter.install')
040.442  000.418  000.418: require('nvim-treesitter.parsers')
040.584  038.237  015.698: require('config.lazy')
040.708  000.123  000.123: require('config.mappings')
040.923  038.644  000.285: sourcing /home/trema/.config/nvim/init.lua
040.926  000.170: sourcing vimrc file(s)
041.019  000.022  000.022: sourcing /usr/local/share/nvim/runtime/filetype.lua
041.131  000.032  000.032: sourcing /usr/local/share/nvim/runtime/syntax/synload.vim
041.170  000.121  000.089: sourcing /usr/local/share/nvim/runtime/syntax/syntax.vim
041.190  000.121: inits 3
042.191  001.000: reading ShaDa
042.965  000.648  000.648: require('luasnip.util.vimversion')
042.970  000.705  000.057: require('luasnip.util.util')
043.027  000.056  000.056: require('luasnip.util.path')
043.584  000.111  000.111: require('luasnip.session.snippet_collection.source')
043.640  000.055  000.055: require('luasnip.util.table')
043.697  000.056  000.056: require('luasnip.util.auto_table')
043.709  000.645  000.423: require('luasnip.session.snippet_collection')
043.837  000.127  000.127: require('luasnip.util.log')
043.845  000.818  000.046: require('luasnip.loaders.util')
043.921  000.075  000.075: require('luasnip.loaders.data')
044.115  000.193  000.193: require('luasnip.loaders.fs_watchers')
044.128  001.906  000.059: require('luasnip.loaders')
044.476  000.208  000.208: require('luasnip.util.directed_graph')
044.528  000.051  000.051: require('luasnip.session.enqueueable_operations')
044.543  000.403  000.143: require('luasnip.loaders.from_lua')
045.105  000.018  000.018: require('luasnip.util.str')
045.118  000.011  000.011: require('luasnip.nodes.key_indexer')
045.135  000.017  000.017: require('luasnip.util.feedkeys')
045.162  000.027  000.027: require('luasnip.nodes.util.snippet_string')
045.166  000.106  000.033: require('luasnip.nodes.util')
045.178  000.012  000.012: require('luasnip.util.events')
045.191  000.012  000.012: require('luasnip.nodes.optional_arg')
045.197  000.249  000.120: require('luasnip.nodes.node')
045.266  000.015  000.015: require('luasnip.util.extend_decorator')
045.278  000.080  000.065: require('luasnip.nodes.insertNode')
045.296  000.018  000.018: require('luasnip.nodes.textNode')
045.315  000.018  000.018: require('luasnip.util.mark')
045.364  000.015  000.015: require('luasnip.util.select')
045.377  000.012  000.012: require('luasnip.util.time')
045.554  000.224  000.197: require('luasnip.util._builtin_vars')
045.597  000.282  000.058: require('luasnip.util.environ')
045.616  000.018  000.018: require('luasnip.util.pattern_tokenizer')
045.631  000.014  000.014: require('luasnip.util.dict')
045.803  000.152  000.152: require('luasnip.util.jsregexp')
045.805  000.173  000.021: require('luasnip.nodes.util.trig_engines')
045.834  001.017  000.166: require('luasnip.nodes.snippet')
045.836  001.069  000.052: require('luasnip.nodes.duplicate')
045.837  001.180  000.110: require('luasnip.loaders.snippet_cache')
045.841  001.295  000.116: require('luasnip.loaders.from_snipmate')
045.947  000.017  000.017: require('luasnip.util.parser.neovim_ast')
046.041  000.092  000.092: require('luasnip.util.jsregexp')
046.043  000.131  000.022: require('luasnip.util.parser.ast_utils')
046.069  000.025  000.025: require('luasnip.nodes.functionNode')
046.101  000.031  000.031: require('luasnip.nodes.choiceNode')
046.131  000.029  000.029: require('luasnip.nodes.dynamicNode')
046.144  000.013  000.013: require('luasnip.util.functions')
046.147  000.254  000.024: require('luasnip.util.parser.ast_parser')
046.185  000.038  000.038: require('luasnip.util.parser.neovim_parser')
046.187  000.312  000.021: require('luasnip.util.parser')
046.203  000.015  000.015: require('luasnip.nodes.snippetProxy')
046.236  000.032  000.032: require('luasnip.util.jsonc')
046.240  000.397  000.038: require('luasnip.loaders.from_vscode')
046.293  000.102: opening buffers
046.313  000.020: BufEnter autocommands
046.314  000.001: editing files in windows
046.339  000.025: VimEnter autocommands
046.360  000.021: UIEnter autocommands
046.536  000.124  000.124: sourcing /usr/local/share/nvim/runtime/autoload/provider/clipboard.vim
046.539  000.055: before starting main loop
046.700  000.005  000.005: require('vim._core.util')
046.767  000.222: first screen update
046.767  000.001: --- NVIM STARTED ---

